Archive member included because of file (symbol)

c:/mcbuilder/resources/tools/arm-elf/bin/../lib/gcc/arm-elf/4.2.2/interwork\libgcc.a(_udivsi3.o)
                              C:\mcbuilder\cores\makecontroller\core\lwip\src\core\ipv4\inet.o (__udivsi3)
c:/mcbuilder/resources/tools/arm-elf/bin/../lib/gcc/arm-elf/4.2.2/interwork\libgcc.a(_divsi3.o)
                              C:\mcbuilder\cores\makecontroller\core\makingthings\serial.o (__divsi3)
c:/mcbuilder/resources/tools/arm-elf/bin/../lib/gcc/arm-elf/4.2.2/interwork\libgcc.a(_umodsi3.o)
                              C:\mcbuilder\cores\makecontroller\core\lwip\src\core\ipv4\inet.o (__umodsi3)
c:/mcbuilder/resources/tools/arm-elf/bin/../lib/gcc/arm-elf/4.2.2/interwork\libgcc.a(_modsi3.o)
                              C:\mcbuilder\cores\makecontroller\core\makingthings\serial.o (__modsi3)
c:/mcbuilder/resources/tools/arm-elf/bin/../lib/gcc/arm-elf/4.2.2/interwork\libgcc.a(_dvmd_tls.o)
                              c:/mcbuilder/resources/tools/arm-elf/bin/../lib/gcc/arm-elf/4.2.2/interwork\libgcc.a(_udivsi3.o) (__div0)
c:/mcbuilder/resources/tools/arm-elf/bin/../lib/gcc/arm-elf/4.2.2/../../../../arm-elf/lib/interwork\libc.a(lib_a-atoi.o)
                              C:\mcbuilder\cores\makecontroller\libraries\webserver\webserver.o (atoi)
c:/mcbuilder/resources/tools/arm-elf/bin/../lib/gcc/arm-elf/4.2.2/../../../../arm-elf/lib/interwork\libc.a(lib_a-ctype_.o)
                              C:\mcbuilder\cores\makecontroller\libraries\webserver\webserver.o (__ctype_ptr)
c:/mcbuilder/resources/tools/arm-elf/bin/../lib/gcc/arm-elf/4.2.2/../../../../arm-elf/lib/interwork\libc.a(lib_a-memcpy.o)
                              C:\mcbuilder\cores\makecontroller\core\freertos\queue.o (memcpy)
c:/mcbuilder/resources/tools/arm-elf/bin/../lib/gcc/arm-elf/4.2.2/../../../../arm-elf/lib/interwork\libc.a(lib_a-memset.o)
                              C:\mcbuilder\cores\makecontroller\core\freertos\tasks.o (memset)
c:/mcbuilder/resources/tools/arm-elf/bin/../lib/gcc/arm-elf/4.2.2/../../../../arm-elf/lib/interwork\libc.a(lib_a-snprintf.o)
                              C:\mcbuilder\cores\makecontroller\libraries\webserver\webserver.o (snprintf)
c:/mcbuilder/resources/tools/arm-elf/bin/../lib/gcc/arm-elf/4.2.2/../../../../arm-elf/lib/interwork\libc.a(lib_a-sprintf.o)
                              C:\mcbuilder\cores\makecontroller\core\freertos\tasks.o (sprintf)
c:/mcbuilder/resources/tools/arm-elf/bin/../lib/gcc/arm-elf/4.2.2/../../../../arm-elf/lib/interwork\libc.a(lib_a-sscanf.o)
                              C:\mcbuilder\cores\makecontroller\core\makingthings\network.o (sscanf)
c:/mcbuilder/resources/tools/arm-elf/bin/../lib/gcc/arm-elf/4.2.2/../../../../arm-elf/lib/interwork\libc.a(lib_a-strcat.o)
                              C:\mcbuilder\cores\makecontroller\libraries\webserver\webserver.o (strcat)
c:/mcbuilder/resources/tools/arm-elf/bin/../lib/gcc/arm-elf/4.2.2/../../../../arm-elf/lib/interwork\libc.a(lib_a-strchr.o)
                              C:\mcbuilder\cores\makecontroller\libraries\webserver\webserver.o (strchr)
c:/mcbuilder/resources/tools/arm-elf/bin/../lib/gcc/arm-elf/4.2.2/../../../../arm-elf/lib/interwork\libc.a(lib_a-strcmp.o)
                              C:\mcbuilder\cores\makecontroller\core\makingthings\rtos.o (strcmp)
c:/mcbuilder/resources/tools/arm-elf/bin/../lib/gcc/arm-elf/4.2.2/../../../../arm-elf/lib/interwork\libc.a(lib_a-strcpy.o)
                              C:\mcbuilder\cores\makecontroller\libraries\webserver\webserver.o (strcpy)
c:/mcbuilder/resources/tools/arm-elf/bin/../lib/gcc/arm-elf/4.2.2/../../../../arm-elf/lib/interwork\libc.a(lib_a-strlen.o)
                              C:\mcbuilder\cores\makecontroller\libraries\webserver\webserver.o (strlen)
c:/mcbuilder/resources/tools/arm-elf/bin/../lib/gcc/arm-elf/4.2.2/../../../../arm-elf/lib/interwork\libc.a(lib_a-strncmp.o)
                              C:\mcbuilder\cores\makecontroller\libraries\webserver\webserver.o (strncmp)
c:/mcbuilder/resources/tools/arm-elf/bin/../lib/gcc/arm-elf/4.2.2/../../../../arm-elf/lib/interwork\libc.a(lib_a-strncpy.o)
                              C:\mcbuilder\cores\makecontroller\core\freertos\tasks.o (strncpy)
c:/mcbuilder/resources/tools/arm-elf/bin/../lib/gcc/arm-elf/4.2.2/../../../../arm-elf/lib/interwork\libc.a(lib_a-strtol.o)
                              c:/mcbuilder/resources/tools/arm-elf/bin/../lib/gcc/arm-elf/4.2.2/../../../../arm-elf/lib/interwork\libc.a(lib_a-atoi.o) (_strtol_r)
c:/mcbuilder/resources/tools/arm-elf/bin/../lib/gcc/arm-elf/4.2.2/../../../../arm-elf/lib/interwork\libc.a(lib_a-vfprintf.o)
                              c:/mcbuilder/resources/tools/arm-elf/bin/../lib/gcc/arm-elf/4.2.2/../../../../arm-elf/lib/interwork\libc.a(lib_a-snprintf.o) (_vfprintf_r)
c:/mcbuilder/resources/tools/arm-elf/bin/../lib/gcc/arm-elf/4.2.2/../../../../arm-elf/lib/interwork\libc.a(lib_a-vfscanf.o)
[...]
Memory Configuration

Name             Origin             Length             Attributes
flash            0x00100000         0x00040000
ram              0x00200000         0x0000fa24
*default*        0x00000000         0xffffffff

Linker script and memory map

LOAD C:\mcbuilder\cores\makecontroller\core\freertos\portable\GCC\ARM7_AT91SAM7S\portISR.o
LOAD C:\mcbuilder\cores\makecontroller\core\makingthings\SAM7_EMAC_ISR.o
LOAD C:\mcbuilder\cores\makecontroller\core\makingthings\USBIsr.o
LOAD C:\mcbuilder\cores\makecontroller\core\startup\Cstartup_SAM7.o
LOAD C:\mcbuilder\cores\makecontroller\core\makingthings\analogin_isr.o
LOAD C:\mcbuilder\cores\makecontroller\core\makingthings\fasttimer_isr.o
LOAD C:\mcbuilder\cores\makecontroller\core\makingthings\serial_isr.o
LOAD C:\mcbuilder\cores\makecontroller\core\makingthings\timer_isr.o
LOAD C:\mcbuilder\cores\makecontroller\libraries\appled\appled.o
LOAD C:\mcbuilder\cores\makecontroller\libraries\webserver\webserver.o
LOAD C:\mcbuilder\cores\makecontroller\core\freertos\tasks.o
LOAD C:\mcbuilder\cores\makecontroller\core\freertos\queue.o
LOAD C:\mcbuilder\cores\makecontroller\core\freertos\list.o
LOAD C:\mcbuilder\cores\makecontroller\core\freertos\portable\GCC\ARM7_AT91SAM7S\port.o
LOAD C:\mcbuilder\cores\makecontroller\core\startup\extras.o
LOAD C:\mcbuilder\cores\makecontroller\core\freertos\portable\MemMang\heap_2.o
LOAD C:\mcbuilder\cores\makecontroller\core\makingthings\main.o
LOAD C:\mcbuilder\cores\makecontroller\core\makingthings\eeprom.o
LOAD C:\mcbuilder\cores\makecontroller\core\makingthings\analogin.o
LOAD C:\mcbuilder\cores\makecontroller\core\makingthings\serial.o
LOAD C:\mcbuilder\cores\makecontroller\core\makingthings\pwm.o
LOAD C:\mcbuilder\cores\makecontroller\core\makingthings\spi.o
LOAD C:\mcbuilder\cores\makecontroller\core\makingthings\USB-CDC.o
LOAD C:\mcbuilder\cores\makecontroller\core\makingthings\rtos.o
LOAD C:\mcbuilder\cores\makecontroller\core\makingthings\usb.o
LOAD C:\mcbuilder\cores\makecontroller\core\makingthings\network.o
LOAD C:\mcbuilder\cores\makecontroller\core\makingthings\system.o
LOAD C:\mcbuilder\cores\makecontroller\core\makingthings\io.o
LOAD C:\mcbuilder\cores\makecontroller\core\makingthings\led.o
LOAD C:\mcbuilder\cores\makecontroller\core\makingthings\timer.o
LOAD C:\mcbuilder\cores\makecontroller\core\makingthings\fasttimer.o
LOAD C:\mcbuilder\cores\makecontroller\core\makingthings\debugosc.o
LOAD C:\mcbuilder\cores\makecontroller\core\lwip\src\core\tcp_out.o
LOAD C:\mcbuilder\cores\makecontroller\core\lwip\src\core\ipv4\inet.o
LOAD C:\mcbuilder\cores\makecontroller\core\lwip\src\core\mem.o
LOAD C:\mcbuilder\cores\makecontroller\core\lwip\src\core\memp.o
LOAD C:\mcbuilder\cores\makecontroller\core\lwip\src\core\netif.o
LOAD C:\mcbuilder\cores\makecontroller\core\lwip\src\core\pbuf.o
LOAD C:\mcbuilder\cores\makecontroller\core\lwip\src\core\raw.o
LOAD C:\mcbuilder\cores\makecontroller\core\lwip\src\core\stats.o
LOAD C:\mcbuilder\cores\makecontroller\core\lwip\src\core\sys.o
LOAD C:\mcbuilder\cores\makecontroller\core\lwip\src\core\tcp.o
LOAD C:\mcbuilder\cores\makecontroller\core\lwip\src\core\tcp_in.o
LOAD C:\mcbuilder\cores\makecontroller\core\lwip\src\core\init.o
LOAD C:\mcbuilder\cores\makecontroller\core\lwip\src\core\ipv4\ip.o
LOAD C:\mcbuilder\cores\makecontroller\core\lwip\src\core\ipv4\ip_addr.o
LOAD C:\mcbuilder\cores\makecontroller\core\lwip\src\core\ipv4\icmp.o
LOAD C:\mcbuilder\cores\makecontroller\core\lwip\src\core\ipv4\inet_chksum.o
LOAD C:\mcbuilder\cores\makecontroller\core\lwip\src\core\dhcp.o
LOAD C:\mcbuilder\cores\makecontroller\core\lwip\src\core\dns.o
LOAD C:\mcbuilder\cores\makecontroller\core\lwip\src\api\tcpip.o
LOAD C:\mcbuilder\cores\makecontroller\core\lwip\src\api\api_msg.o
LOAD C:\mcbuilder\cores\makecontroller\core\lwip\src\api\err.o
LOAD C:\mcbuilder\cores\makecontroller\core\lwip\src\api\netbuf.o
LOAD C:\mcbuilder\cores\makecontroller\core\lwip\src\api\api_lib.o
LOAD C:\mcbuilder\cores\makecontroller\core\lwip\src\netif\etharp.o
LOAD C:\mcbuilder\cores\makecontroller\core\lwip\contrib\port\FreeRTOS\AT91SAM7X\sys_arch.o
LOAD C:\mcbuilder\cores\makecontroller\core\lwip\src\netif\ethernetif.o
LOAD C:\mcbuilder\cores\makecontroller\core\makingthings\SAM7_EMAC.o
LOAD C:\mcbuilder\cores\makecontroller\core\lwip\src\core\udp.o
LOAD C:\mcbuilder\cores\makecontroller\core\lwip\src\core\ipv4\ip_frag.o
LOAD C:\mcbuilder\cores\makecontroller\core\makingthings\osc.o
LOAD C:\mcbuilder\cores\makecontroller\core\makingthings\osc_patternmatch.o
LOAD C:\Sync\Desktop\todo\AinToWeb_public\AinToWeb_public.o
LOAD C:\Users\bjepson\AppData\Local\Temp/ccXGDjSg.o
START GROUP
LOAD c:/mcbuilder/resources/tools/arm-elf/bin/../lib/gcc/arm-elf/4.2.2/interwork\libgcc.a
LOAD c:/mcbuilder/resources/tools/arm-elf/bin/../lib/gcc/arm-elf/4.2.2/../../../../arm-elf/lib/interwork\libc.a
END GROUP
                0x0020fffc                __stack_end__ = 0x20fffc
                0x00000000                . = 0x0

startup         0x00100000       0x44
 *(.startup)
 .startup       0x00100000       0x44 C:\Users\bjepson\AppData\Local\Temp/ccXGDjSg.o

prog            0x00100044    0x1c28c
 *(.text)
 .text          0x00100044      0x25c C:\mcbuilder\cores\makecontroller\core\freertos\portable\GCC\ARM7_AT91SAM7S\portISR.o
                0x00100140                vPreemptiveTick
                0x001000fc                vPortExitCritical
                0x001000a0                vPortDisableInterruptsFromThumb
                0x001001f4                swi_handler
                0x00100044                vPortISRStartFirstTask
                0x00100090                vPortDisableAllInterrupts
                0x001000b8                vPortEnableInterruptsFromThumb
                0x001000d0                vPortEnterCritical
 .text          0x001002a0      0x15c C:\mcbuilder\cores\makecontroller\core\makingthings\SAM7_EMAC_ISR.o
                0x00100354                vEMACISR_Wrapper
                0x001002a0                vPassEMACSemaphore
                0x001002b0                vEMACISR_Handler
 .text          0x001003fc        0x0 C:\mcbuilder\cores\makecontroller\core\makingthings\USBIsr.o
 .text          0x001003fc       0x8c C:\mcbuilder\cores\makecontroller\core\startup\Cstartup_SAM7.o
                0x001003fc                AT91F_LowLevelInit
 .text          0x00100488      0x108 C:\mcbuilder\cores\makecontroller\core\makingthings\analogin_isr.o
                0x001004e8                AnalogInIsr_Wrapper
                0x00100488                AnalogInIsr_Handler
 .text          0x00100590      0x1f8 C:\mcbuilder\cores\makecontroller\core\makingthings\fasttimer_isr.o
                0x00100590                DisableFIQFromThumb
                0x001005ac                EnableFIQFromThumb
                0x001005c8                FastTimer_Isr
 .text          0x00100788      0x18c C:\mcbuilder\cores\makecontroller\core\makingthings\serial_isr.o
                0x0010086c                SerialIsr_Wrapper
                0x00100788                SerialIsr_Handler
 .text          0x00100914      0x1ac C:\mcbuilder\cores\makecontroller\core\makingthings\timer_isr.o
                0x00100914                Timer_Isr
 .text          0x00100ac0      0x1cc C:\mcbuilder\cores\makecontroller\libraries\appled\appled.o
                0x00100b5c                AppLed_GetState
                0x00100c24                AppLed_SetState
                0x00100bc0                AppLed_SetActive
                0x00100ac0                AppLed_GetActive
 .text          0x00100c8c      0x668 C:\mcbuilder\cores\makecontroller\libraries\webserver\webserver.o
                0x001010b0                WebServerTask
                0x00101254                WebServer_SetActive
                0x00100d70                WebServer_WriteResponseOkPlain
                0x00100da4                WebServer_WriteBodyEnd
                0x00100c8c                WebServer_GetActive
                0x00100e88                WebServer_WriteBodyStart
                0x00100db8                WebServer_WriteResponseOkHTML
                0x00100c9c                WebServer_SetListenPort
                0x00101050                TestHandler
                0x00100dec                WebServer_GetPostData
                0x00101204                WebServer_Route
                0x00100f2c                WebServer_Demo
                0x00100cac                WebServer_GetListenPort
                0x00100d00                WebServer_ParseFormElements
                0x00100ee4                WebServer_WriteHeader
 .text          0x001012f4      0xc00 C:\mcbuilder\cores\makecontroller\core\freertos\tasks.o
                0x00101584                uxTaskPriorityGet
                0x001012f4                TaskGetTimeouts
                0x00101428                xTaskGetPriority
                0x00101448                xTaskGetName
                0x001018cc                vTaskPrioritySet
                0x00101c38                vTaskEndScheduler
                0x001019cc                vTaskPlaceOnEventList
                0x00101484                GetDelayedTaskList
                0x00101490                GetOverflowDelayedTaskList
                0x001017a0                xTaskResumeFromISR
                0x00101470                GetReadyTaskByPriority
                0x00101438                xTaskGetIDNumber
                0x001014c8                ulTaskEndTrace
                0x0010154c                xTaskGetTickCount
                0x001015ac                xTaskRemoveFromEventList
                0x001014f4                vTaskStartTrace
                0x0010195c                vTaskDelete
                0x00101450                xTaskGetStackAllocated
                0x00101e90                xTaskCheckForTimeOut
                0x0010149c                GetListOfTasksWaitingTermination
                0x00101568                vTaskSuspendAll
                0x00101ee0                usVoidTaskCheckFreeStackSpace
                0x00101814                vTaskResume
                0x0010132c                vTaskSwitchContext
                0x00101874                vTaskSuspend
                0x00101530                uxTaskGetNumberOfTasks
                0x00101620                vTaskIncrementTick
                0x001014a4                GetSuspendedTaskList
                0x00101b8c                vTaskList
                0x00101a88                vTaskDelayUntil
                0x001014ac                xTaskGetCurrentTaskHandle
                0x00101414                usTaskCheckFreeStackSpace
                0x001016d0                xTaskResumeAll
                0x00101e4c                vTaskStartScheduler
                0x00101464                xTaskGetTopUsedPriority
                0x00101408                vTaskMissedYield
                0x00101cc4                xTaskCreate
                0x00101a30                vTaskDelay
                0x001013f0                vTaskSetTimeOutState
 .text          0x00101ef4      0x3ec C:\mcbuilder\cores\makecontroller\core\freertos\queue.o
                0x00101fec                xQueueGenericSendFromISR
                0x00102278                xQueueCreate
                0x00101ef4                vQueueDelete
                0x00102190                xQueueGenericSend
                0x00101f50                xQueueReceiveFromISR
                0x00102098                xQueueGenericReceive
                0x00101f0c                uxQueueMessagesWaiting
 .text          0x001022e0       0x90 C:\mcbuilder\cores\makecontroller\core\freertos\list.o
                0x00102300                vListInsertEnd
                0x00102350                vListRemove
                0x001022f8                vListInitialiseItem
                0x001022e0                vListInitialise
                0x0010231c                vListInsert
 .text          0x00102370       0xe8 C:\mcbuilder\cores\makecontroller\core\freertos\portable\GCC\ARM7_AT91SAM7S\port.o
                0x00102418                xPortStartScheduler
                0x00102414                vPortEndScheduler
                0x00102370                pxPortInitialiseStack
 .text          0x00102458       0x34 C:\mcbuilder\cores\makecontroller\core\startup\extras.o
                0x00102464                _lseek_r
                0x00102484                _fstat_r
                0x00102458                _sbrk_r
                0x0010247c                _read_r
                0x0010245c                _open_r
                0x00102474                _close_r
                0x0010246c                _write_r
 .text          0x0010248c      0x118 C:\mcbuilder\cores\makecontroller\core\freertos\portable\MemMang\heap_2.o
                0x001024c0                vPortFree
                0x001024f0                pvPortMalloc
                0x0010248c                PortFreeMemory
 .text          0x001025a4       0xd0 C:\mcbuilder\cores\makecontroller\core\makingthings\main.o
                0x00102664                MakeStarterTask
                0x001025b8                main
                0x001025a4                vApplicationIdleHook
 .text          0x00102674      0x1e4 C:\mcbuilder\cores\makecontroller\core\makingthings\eeprom.o
                0x001027b0                Eeprom_Write
                0x00102674                Eeprom_GetActive
                0x00102728                Eeprom_Read
                0x00102844                Eeprom_SetActive
 .text          0x00102858      0x394 C:\mcbuilder\cores\makecontroller\core\makingthings\analogin.o
                0x00102af0                AnalogIn_GetValueWait
                0x00102858                AnalogIn_GetActive
                0x00102b5c                AnalogIn_GetValue
                0x00102994                AnalogIn_GetValueMulti
                0x00102a4c                AnalogIn_SetActive
 .text          0x00102bec      0x6c8 C:\mcbuilder\cores\makecontroller\core\makingthings\serial.o
                0x001031fc                Serial_Read
                0x00102c04                Serial_ClearErrors
                0x00102dc8                Serial_GetStopBits
                0x00102ef4                Serial_SetParity
                0x00102bec                Serial_GetActive
                0x00102c28                Serial_GetErrors
                0x00102e4c                Serial_GetBaud
                0x00102d9c                Serial_GetHardwareHandshake
                0x00102f80                Serial_SetBaud
                0x00102fdc                Serial_SetActive
                0x00102f38                Serial_SetBits
                0x00102e78                Serial_SetHardwareHandshake
                0x00102fb8                Serial_GetReadable
                0x00102eb0                Serial_SetStopBits
                0x001031a0                Serial_SetChar
                0x00102c84                Serial_StartBreak
                0x00103128                Serial_GetChar
                0x00103180                Serial_Flush
                0x00103258                Serial_Write
                0x00102ca0                Serial_StopBreak
                0x00102e20                Serial_GetBits
                0x00102df4                Serial_GetParity
 .text          0x001032b4      0x324 C:\mcbuilder\cores\makecontroller\core\makingthings\pwm.o
                0x001033a0                Pwm_GetDividerB
                0x001032f4                Pwm_GetChannelIo
                0x00103368                Pwm_SetDividerB
                0x001032dc                Pwm_Get
                0x00103478                Pwm_Start
                0x001033f4                Pwm_GetClockSource
                0x001032b4                Pwm_Set
                0x00103414                Pwm_SetWaveformProperties
                0x00103320                Pwm_SetDividerA
                0x0010345c                Pwm_GetWaveformProperties
                0x00103354                Pwm_GetDividerA
                0x00103540                Pwm_Stop
                0x001033ac                Pwm_SetClockSource
 .text          0x001035d8      0x2ec C:\mcbuilder\cores\makecontroller\core\makingthings\spi.o
                0x00103784                Spi_Lock
                0x001036e0                Spi_Stop
                0x001035d8                Spi_Configure
                0x0010376c                Spi_Unlock
                0x001037a0                Spi_Start
                0x00103644                Spi_ReadWriteBlock
 .text          0x001038c4        0x0 C:\mcbuilder\cores\makecontroller\core\makingthings\USB-CDC.o
 .text          0x001038c4      0x540 C:\mcbuilder\cores\makecontroller\core\makingthings\rtos.o
                0x00103de4                MallocWait
                0x00103c44                getTaskByName
                0x00103a50                iterateForNextTask
                0x00103928                QueueReceive
                0x001039a0                TaskGetTickCount
                0x00103994                Malloc
                0x00103934                SemaphoreCreate
                0x00103970                QueueDelete
                0x001039f4                iterateByName
                0x00103ad4                iterateByID
                0x00103958                QueueCreate
                0x00103918                SemaphoreTake
                0x001038d8                QueueSendToBackFromISR
                0x001038e4                QueueSendToFrontFromISR
                0x00103900                QueueSendToBack
                0x00103d78                TaskGetRemainingStack
                0x00103c24                getTaskByID
                0x00103dd8                Sleep
                0x001038f0                SemaphoreGive
                0x001038c4                TaskYield
                0x00103d6c                TaskGetPriority
                0x00103988                Free
                0x0010397c                QueueMessagesWaiting
                0x001038c8                SemaphoreGiveFromISR
                0x001039d0                TaskGetCurrent
                0x001039dc                TaskGetStackAllocated
                0x00103d8c                TaskExitCritical
                0x00103d98                TaskEnterCritical
                0x001039ac                TaskSetPriority
                0x00103da4                TaskDelete
                0x00103db0                TaskCreate
                0x001039b8                GetNumberOfTasks
                0x00103a44                TaskGetIDNumber
                0x001039e8                TaskGetName
                0x00103b20                findTask
                0x00103c64                TaskGetNext_internal
                0x00103964                QueueReceiveFromISR
                0x0010390c                QueueSendToFront
                0x001039c4                TaskGetTopPriorityUsed
                0x00103d50                TaskGetNext
 .text          0x00103e04        0x0 C:\mcbuilder\cores\makecontroller\core\makingthings\usb.o
 .text          0x00103e04      0xb68 C:\mcbuilder\cores\makecontroller\core\makingthings\network.o
                0x0010442c                Network_SetActive
                0x00104290                Network_SetMask
                0x00103e50                NetworkOsc_GetTcpOutAddress
                0x0010458c                SocketClose
                0x00103e24                Network_SetPending
                0x001046bc                DatagramSocketSend
                0x00103fe8                Network_Init
                0x00103e98                Network_DhcpStop
                0x001040c0                NetworkOsc_SetUdpSendPort
                0x00104144                NetworkOsc_SetTcpOutAddress
                0x00104500                ServerSocketClose
                0x0010481c                Network_GetActive
                0x00103e5c                NetworkOsc_GetTcpOutPort
                0x00104118                NetworkOsc_SetTcpOutPort
                0x001040ec                NetworkOsc_SetUdpListenPort
                0x00103f5c                Network_GetValid
                0x00104374                Network_DnsGetHostByName
                0x001047cc                ServerSocket
                0x00103e44                Network_GetPending
                0x001047b8                ServerSocketAccept
                0x00103e04                SocketBytesAvailable
                0x0010450c                DatagramSocketReceive
                0x00104250                Network_SetGateway
                0x00103f04                NetworkOsc_GetUdpSendPort
                0x001045b0                SocketRead
                0x001042d0                Network_SetAddress
                0x00104720                DatagramSocket
                0x00104688                SocketReadLine
                0x00103f30                NetworkOsc_GetUdpListenPort
                0x00103eac                Network_DhcpStart
                0x00104840                Network_GetGateway
                0x00103e68                Network_AddressConvert
                0x00104908                Network_GetAddress
                0x001044ec                DatagramSocketClose
                0x00104224                Network_SetDefaults
                0x00103fc4                Network_GetDhcpEnabled
                0x00104800                SocketWrite
                0x00104310                Network_SetDhcpEnabled
                0x0010475c                Socket
                0x0010417c                Network_SetValid
                0x001048a4                Network_GetMask
 .text          0x0010496c      0x230 C:\mcbuilder\cores\makecontroller\core\makingthings\system.o
                0x00104ab8                System_SetName
                0x00104a7c                System_SetActive
                0x0010497c                kill
                0x0010496c                System_GetActive
                0x001049dc                System_SetSamba
                0x00104b84                System_SetReset
                0x00104a70                System_GetFreeMemory
                0x0010498c                System_GetSerialNumber
                0x001049b8                System_SetSerialNumber
                0x00104b08                System_GetName
 .text          0x00104b9c      0x6ec C:\mcbuilder\cores\makecontroller\core\makingthings\io.o
                0x00104f08                Io_GetPortA
                0x00104f1c                Io_SetPortB
                0x00104eec                Io_SetPortA
                0x00104f4c                Io_SetPortAMask
                0x0010512c                Io_GetValueBits
                0x00104ed4                Io_SetPioBits
                0x00104bf8                Io_SetDirection
                0x00104e78                Io_SetValueBits
                0x00104bbc                Io_GetDirection
                0x00104cf8                Io_SetPeripheralB
                0x00104db8                Io_GetPullup
                0x00105150                Io_GetPullupBits
                0x00105174                Io_GetPioBits
                0x00105010                Io_StartBits
                0x00104c50                Io_SetValue
                0x00104eac                Io_SetDirectionBits
                0x00104b9c                Io_GetActive
                0x00104f64                Io_SetPortBMask
                0x00104d28                Io_GetPio
                0x00105210                Io_StopBits
                0x00104f70                Io_GetPortBMask
                0x00104e50                Io_SetPullupBits
                0x00104fa0                Io_Start
                0x00104d64                Io_SetPio
                0x00104c94                Io_GetValue
                0x00104cc8                Io_SetPeripheralA
                0x00105198                Io_GetDirectionBits
                0x001051bc                Io_Stop
                0x00104f38                Io_GetPortB
                0x00104dfc                Io_SetPullup
                0x00104f58                Io_GetPortAMask
 .text          0x00105288       0xf0 C:\mcbuilder\cores\makecontroller\core\makingthings\led.o
                0x00105308                Led_SetState
                0x001052dc                Led_GetState
                0x00105334                Led_SetActive
                0x00105288                Led_GetActive
 .text          0x00105378      0x1c4 C:\mcbuilder\cores\makecontroller\core\makingthings\timer.o
                0x00105498                Timer_Set
                0x00105378                Timer_GetActive
                0x00105430                Timer_Cancel
                0x001053ac                Timer_SetActive
                0x0010538c                Timer_InitializeEntry
 .text          0x0010553c      0x1dc C:\mcbuilder\cores\makecontroller\core\makingthings\fasttimer.o
                0x0010557c                FastTimer_SetActive
                0x0010553c                FastTimer_GetActive
                0x00105608                FastTimer_Cancel
                0x00105670                FastTimer_Set
                0x00105550                FastTimer_InitializeEntry
                0x00105570                FastTimer_SetTime
 .text          0x00105718        0x0 C:\mcbuilder\cores\makecontroller\core\makingthings\debugosc.o
 .text          0x00105718      0xc20 C:\mcbuilder\cores\makecontroller\core\lwip\src\core\tcp_out.o
                0x0010592c                tcp_rst
                0x00106314                tcp_send_ctrl
                0x00105834                tcp_keepalive
                0x00105e7c                tcp_rexmit_rto
                0x001062cc                tcp_write
                0x00105e30                tcp_rexmit
                0x00105a34                tcp_output
                0x00105718                tcp_zero_window_probe
                0x00105ed0                tcp_enqueue
 .text          0x00106338      0x25c C:\mcbuilder\cores\makecontroller\core\lwip\src\core\ipv4\inet.o
                0x0010656c                inet_addr
                0x00106588                ntohl
                0x001063f8                htonl
                0x00106418                inet_aton
                0x001063e8                ntohs
                0x00106338                inet_ntoa
                0x001063d4                htons
 .text          0x00106594      0x3c0 C:\mcbuilder\cores\makecontroller\core\lwip\src\core\mem.o
                0x0010682c                mem_free
                0x001068f4                mem_init
                0x00106594                mem_malloc
                0x00106708                mem_realloc
                0x001066dc                mem_calloc
 .text          0x00106954      0x114 C:\mcbuilder\cores\makecontroller\core\lwip\src\core\memp.o
                0x001069d0                memp_free
                0x00106a08                memp_malloc
                0x00106954                memp_init
 .text          0x00106a68      0x250 C:\mcbuilder\cores\makecontroller\core\lwip\src\core\netif.o
                0x00106ad4                netif_set_netmask
                0x00106c20                netif_add
                0x00106b44                netif_set_ipaddr
                0x00106b1c                netif_set_up
                0x00106af4                netif_set_default
                0x00106b00                netif_set_down
                0x00106bd0                netif_set_addr
                0x00106b10                netif_is_up
                0x00106ab4                netif_set_gw
                0x00106c78                netif_remove
                0x00106a68                netif_find
 .text          0x00106cb8      0x420 C:\mcbuilder\cores\makecontroller\core\lwip\src\core\pbuf.o
                0x00106f54                pbuf_realloc
                0x00106ec8                pbuf_free
                0x00106d40                pbuf_cat
                0x00106e98                pbuf_ref
                0x00106d68                pbuf_copy_partial
                0x00106df0                pbuf_copy
                0x00106fb0                pbuf_alloc
                0x00106d2c                pbuf_clen
                0x00106cb8                pbuf_header
                0x00106eb4                pbuf_chain
                0x00106f28                pbuf_dechain
 .text          0x001070d8      0x1d8 C:\mcbuilder\cores\makecontroller\core\lwip\src\core\raw.o
                0x001070d8                raw_bind
                0x00107224                raw_send
                0x0010718c                raw_sendto
                0x00107234                raw_input
                0x001070f8                raw_connect
                0x00107120                raw_new
                0x00107158                raw_remove
                0x00107118                raw_recv
 .text          0x001072b0        0x0 C:\mcbuilder\cores\makecontroller\core\lwip\src\core\stats.o
 .text          0x001072b0      0x204 C:\mcbuilder\cores\makecontroller\core\lwip\src\core\sys.o
                0x0010742c                sys_msleep
                0x0010731c                sys_timeout
                0x0010744c                sys_mbox_fetch
                0x001073e4                sys_sem_wait_timeout
                0x00107384                sys_sem_wait
                0x001072c4                sys_untimeout
 .text          0x001074b4      0xb38 C:\mcbuilder\cores\makecontroller\core\lwip\src\core\tcp.o
                0x00107558                tcp_next_iss
                0x00107540                tcp_err
                0x00107530                tcp_recv
                0x001079f8                tcp_alloc
                0x0010752c                tcp_arg
                0x00107df8                tcp_close
                0x001075a0                tcp_recved
                0x001076dc                tcp_pcb_purge
                0x00107b14                tcp_new
                0x001076bc                tcp_segs_free
                0x00107820                tcp_bind
                0x0010795c                tcp_abort
                0x00107690                tcp_seg_free
                0x00107ed4                tcp_connect
                0x00107570                tcp_eff_send_mss
                0x00107538                tcp_sent
                0x00107dd4                tcp_tmr
                0x00107528                tcp_setprio
                0x00107b20                tcp_slowtmr
                0x00107548                tcp_accept
                0x00107788                tcp_listen_with_backlog
                0x00107724                tcp_pcb_remove
                0x001075fc                tcp_fasttmr
                0x00107660                tcp_seg_copy
                0x0010754c                tcp_poll
 .text          0x00107fec     0x137c C:\mcbuilder\cores\makecontroller\core\lwip\src\core\tcp_in.o
                0x00108934                tcp_input
 .text          0x00109368       0x18 C:\mcbuilder\cores\makecontroller\core\lwip\src\core\init.o
                0x00109368                lwip_init
 .text          0x00109380      0x490 C:\mcbuilder\cores\makecontroller\core\lwip\src\core\ipv4\ip.o
                0x00109380                ip_output_if
                0x00109564                ip_output
                0x001094f4                ip_route
                0x001095ac                ip_input
 .text          0x00109810       0x58 C:\mcbuilder\cores\makecontroller\core\lwip\src\core\ipv4\ip_addr.o
                0x00109810                ip_addr_isbroadcast
 .text          0x00109868      0x3b0 C:\mcbuilder\cores\makecontroller\core\lwip\src\core\ipv4\icmp.o
                0x001099b8                icmp_input
                0x00109868                icmp_time_exceeded
                0x00109910                icmp_dest_unreach
 .text          0x00109c18      0x2c0 C:\mcbuilder\cores\makecontroller\core\lwip\src\core\ipv4\inet_chksum.o
                0x00109ccc                inet_chksum
                0x00109df8                inet_chksum_pseudo
                0x00109c70                inet_chksum_pbuf
                0x00109cf4                inet_chksum_pseudo_partial
 .text          0x00109ed8      0xf58 C:\mcbuilder\cores\makecontroller\core\lwip\src\core\dhcp.o
                0x0010a918                dhcp_start
                0x0010a20c                dhcp_release
                0x0010a0a4                dhcp_stop
                0x0010a624                dhcp_arp_reply
                0x0010ad9c                dhcp_fine_tmr
                0x0010a3c4                dhcp_renew
                0x0010a838                dhcp_inform
                0x0010a48c                dhcp_coarse_tmr
 .text          0x0010ae30      0x5b0 C:\mcbuilder\cores\makecontroller\core\lwip\src\core\dns.o
                0x0010b090                dns_gethostbyname
                0x0010ae30                dns_setserver
                0x0010ae74                dns_getserver
                0x0010b1bc                dns_tmr
                0x0010b1e0                dns_init
 .text          0x0010b3e0      0x370 C:\mcbuilder\cores\makecontroller\core\lwip\src\api\tcpip.o
                0x0010b3e0                tcpip_init
                0x0010b61c                tcpip_timeout
                0x0010b5e4                tcpip_apimsg
                0x0010b6c4                tcpip_input
                0x0010b42c                tcp_timer_needed
                0x0010b660                tcpip_callback_with_block
 .text          0x0010b750      0x9c4 C:\mcbuilder\cores\makecontroller\core\lwip\src\api\api_msg.o
                0x0010bd70                do_bind
                0x0010be3c                netconn_free
                0x0010bdcc                do_delconn
                0x0010b8c8                do_close
                0x0010bf28                netconn_alloc
                0x0010ba48                do_write
                0x0010b7ac                do_getaddr
                0x0010bce8                do_disconnect
                0x0010bb78                do_listen
                0x0010bae8                do_recv
                0x0010b750                do_gethostbyname
                0x0010bfe0                do_newconn
                0x0010bd0c                do_connect
                0x0010bb18                do_send
 .text          0x0010c114        0x0 C:\mcbuilder\cores\makecontroller\core\lwip\src\api\err.o
 .text          0x0010c114      0x154 C:\mcbuilder\cores\makecontroller\core\lwip\src\api\netbuf.o
                0x0010c1b0                netbuf_delete
                0x0010c21c                netbuf_alloc
                0x0010c250                netbuf_new
                0x0010c114                netbuf_data
                0x0010c190                netbuf_free
                0x0010c13c                netbuf_next
                0x0010c15c                netbuf_first
                0x0010c168                netbuf_chain
                0x0010c1d8                netbuf_ref
 .text          0x0010c268      0x3e0 C:\mcbuilder\cores\makecontroller\core\lwip\src\api\api_lib.o
                0x0010c2f4                netconn_write
                0x0010c2c8                netconn_close
                0x0010c3b4                netconn_disconnect
                0x0010c268                netconn_type
                0x0010c488                netconn_accept
                0x0010c448                netconn_getaddr
                0x0010c3e0                netconn_connect
                0x0010c368                netconn_sendto
                0x0010c388                netconn_listen_with_backlog
                0x0010c5c4                netconn_delete
                0x0010c338                netconn_send
                0x0010c5f4                netconn_new_with_proto_and_callback
                0x0010c270                netconn_gethostbyname
                0x0010c414                netconn_bind
                0x0010c4c0                netconn_recv
 .text          0x0010c648      0x920 C:\mcbuilder\cores\makecontroller\core\lwip\src\netif\etharp.o
                0x0010c68c                etharp_request
                0x0010cd4c                etharp_tmr
                0x0010cd9c                etharp_arp_input
                0x0010cf00                ethernet_input
                0x0010cbe4                etharp_find_addr
                0x0010c944                etharp_query
                0x0010cabc                etharp_output
                0x0010cd0c                etharp_ip_input
 .text          0x0010cf68      0x2b0 C:\mcbuilder\cores\makecontroller\core\lwip\contrib\port\FreeRTOS\AT91SAM7X\sys_arch.o
                0x0010d018                sys_mbox_trypost
                0x0010cfe0                sys_arch_timeouts
                0x0010cf68                sys_init
                0x0010d008                sys_sem_signal
                0x0010d0dc                sys_arch_mbox_fetch
                0x0010d13c                sys_sem_new
                0x0010d1e0                sys_mbox_free
                0x0010cf78                sys_arch_protect
                0x0010cff0                sys_sem_free
                0x0010d1ac                sys_mbox_new
                0x0010cf84                sys_thread_new
                0x0010d068                sys_arch_sem_wait
                0x0010cf6c                sys_arch_unprotect
                0x0010d0b8                sys_arch_mbox_tryfetch
                0x0010d04c                sys_mbox_post
 .text          0x0010d218      0x25c C:\mcbuilder\cores\makecontroller\core\lwip\src\netif\ethernetif.o
                0x0010d218                ethernetif_init
 .text          0x0010d474      0x620 C:\mcbuilder\cores\makecontroller\core\makingthings\SAM7_EMAC.o
                0x0010d4f4                vClearEMACTxBuffer
                0x0010d588                vEMACWaitForInput
                0x0010d9b4                lEMACSend
                0x0010d474                ulEMACInputLength
                0x0010d8c4                vEMACRead
                0x0010d5a0                xEMACInit
 .text          0x0010da94      0x570 C:\mcbuilder\cores\makecontroller\core\lwip\src\core\udp.o
                0x0010dbe8                udp_remove
                0x0010dd30                udp_sendto
                0x0010dc1c                udp_sendto_if
                0x0010db90                udp_disconnect
                0x0010dbbc                udp_recv
                0x0010db1c                udp_connect
                0x0010da94                udp_bind
                0x0010dd78                udp_send
                0x0010dd8c                udp_input
                0x0010dbc4                udp_new
 .text          0x0010e004      0x634 C:\mcbuilder\cores\makecontroller\core\lwip\src\core\ipv4\ip_frag.o
                0x0010e2c4                ip_reass
                0x0010e004                ip_frag
                0x0010e604                ip_reass_tmr
 .text          0x0010e638        0x0 C:\mcbuilder\cores\makecontroller\core\makingthings\osc.o
 .text          0x0010e638        0x0 C:\mcbuilder\cores\makecontroller\core\makingthings\osc_patternmatch.o
 .text          0x0010e638      0x254 C:\Sync\Desktop\todo\AinToWeb_public\AinToWeb_public.o
                0x0010e830                Run
                0x0010e638                BlinkTask
                0x0010e7d0                DataHandler
                0x0010e658                HomePageHandler
 .text          0x0010e88c       0xd0 C:\Users\bjepson\AppData\Local\Temp/ccXGDjSg.o
                0x0010e88c                start
                0x0010e93c                endless_loop
 .text          0x0010e95c      0x114 c:/mcbuilder/resources/tools/arm-elf/bin/../lib/gcc/arm-elf/4.2.2/interwork\libgcc.a(_udivsi3.o)
                0x0010e95c                __udivsi3
                0x0010e95c                __aeabi_uidiv
                0x0010ea58                __aeabi_uidivmod
 .text          0x0010ea70      0x144 c:/mcbuilder/resources/tools/arm-elf/bin/../lib/gcc/arm-elf/4.2.2/interwork\libgcc.a(_divsi3.o)
                0x0010ea70                __aeabi_idiv
                0x0010ea70                __divsi3
                0x0010eb9c                __aeabi_idivmod
 .text          0x0010ebb4       0xd0 c:/mcbuilder/resources/tools/arm-elf/bin/../lib/gcc/arm-elf/4.2.2/interwork\libgcc.a(_umodsi3.o)
                0x0010ebb4                __umodsi3
 .text          0x0010ec84       0xe8 c:/mcbuilder/resources/tools/arm-elf/bin/../lib/gcc/arm-elf/4.2.2/interwork\libgcc.a(_modsi3.o)
                0x0010ec84                __modsi3
 .text          0x0010ed6c        0x4 c:/mcbuilder/resources/tools/arm-elf/bin/../lib/gcc/arm-elf/4.2.2/interwork\libgcc.a(_dvmd_tls.o)
                0x0010ed6c                __aeabi_ldiv0
                0x0010ed6c                __div0
                0x0010ed6c                __aeabi_idiv0
 .text          0x0010ed70       0x30 c:/mcbuilder/resources/tools/arm-elf/bin/../lib/gcc/arm-elf/4.2.2/../../../../arm-elf/lib/interwork\libc.a(lib_a-atoi.o)
                0x0010ed70                _atoi_r
                0x0010ed88                atoi
 .text          0x0010eda0        0x0 c:/mcbuilder/resources/tools/arm-elf/bin/../lib/gcc/arm-elf/4.2.2/../../../../arm-elf/lib/interwork\libc.a(lib_a-ctype_.o)
 .text          0x0010eda0       0xa4 c:/mcbuilder/resources/tools/arm-elf/bin/../lib/gcc/arm-elf/4.2.2/../../../../arm-elf/lib/interwork\libc.a(lib_a-memcpy.o)
                0x0010eda0                memcpy
 .text          0x0010ee44       0x98 c:/mcbuilder/resources/tools/arm-elf/bin/../lib/gcc/arm-elf/4.2.2/../../../../arm-elf/lib/interwork\libc.a(lib_a-memset.o)
                0x0010ee44                memset
 .text          0x0010eedc      0x138 c:/mcbuilder/resources/tools/arm-elf/bin/../lib/gcc/arm-elf/4.2.2/../../../../arm-elf/lib/interwork\libc.a(lib_a-snprintf.o)
                0x0010eedc                snprintf
                0x0010ef7c                _snprintf_r
 .text          0x0010f014       0xdc c:/mcbuilder/resources/tools/arm-elf/bin/../lib/gcc/arm-elf/4.2.2/../../../../arm-elf/lib/interwork\libc.a(lib_a-sprintf.o)
                0x0010f088                _sprintf_r
                0x0010f014                sprintf
 .text          0x0010f0f0      0x108 c:/mcbuilder/resources/tools/arm-elf/bin/../lib/gcc/arm-elf/4.2.2/../../../../arm-elf/lib/interwork\libc.a(lib_a-sscanf.o)
                0x0010f178                sscanf
                0x0010f0f8                _sscanf_r
 .text          0x0010f1f8       0xa8 c:/mcbuilder/resources/tools/arm-elf/bin/../lib/gcc/arm-elf/4.2.2/../../../../arm-elf/lib/interwork\libc.a(lib_a-strcat.o)
                0x0010f1f8                strcat
 .text          0x0010f2a0      0x13c c:/mcbuilder/resources/tools/arm-elf/bin/../lib/gcc/arm-elf/4.2.2/../../../../arm-elf/lib/interwork\libc.a(lib_a-strchr.o)
                0x0010f2a0                strchr
 .text          0x0010f3dc       0xe8 c:/mcbuilder/resources/tools/arm-elf/bin/../lib/gcc/arm-elf/4.2.2/../../../../arm-elf/lib/interwork\libc.a(lib_a-strcmp.o)
                0x0010f3dc                strcmp
 .text          0x0010f4c4       0xa0 c:/mcbuilder/resources/tools/arm-elf/bin/../lib/gcc/arm-elf/4.2.2/../../../../arm-elf/lib/interwork\libc.a(lib_a-strcpy.o)
                0x0010f4c4                strcpy
 .text          0x0010f564       0x68 c:/mcbuilder/resources/tools/arm-elf/bin/../lib/gcc/arm-elf/4.2.2/../../../../arm-elf/lib/interwork\libc.a(lib_a-strlen.o)
                0x0010f564                strlen
 .text          0x0010f5cc      0x148 c:/mcbuilder/resources/tools/arm-elf/bin/../lib/gcc/arm-elf/4.2.2/../../../../arm-elf/lib/interwork\libc.a(lib_a-strncmp.o)
                0x0010f5cc                strncmp
 .text          0x0010f714      0x108 c:/mcbuilder/resources/tools/arm-elf/bin/../lib/gcc/arm-elf/4.2.2/../../../../arm-elf/lib/interwork\libc.a(lib_a-strncpy.o)
                0x0010f714                strncpy
 .text          0x0010f81c      0x1f4 c:/mcbuilder/resources/tools/arm-elf/bin/../lib/gcc/arm-elf/4.2.2/../../../../arm-elf/lib/interwork\libc.a(lib_a-strtol.o)
                0x0010f9e4                strtol
                0x0010f81c                _strtol_r
 .text          0x0010fa10     0x1dc4 c:/mcbuilder/resources/tools/arm-elf/bin/../lib/gcc/arm-elf/4.2.2/../../../../arm-elf/lib/interwork\libc.a(lib_a-vfprintf.o)
                0x0010fa48                _vfprintf_r
                0x001117a8                vfprintf
 .text          0x001117d4     0x1624 c:/mcbuilder/resources/tools/arm-elf/bin/../lib/gcc/arm-elf/4.2.2/../../../../arm-elf/lib/interwork\libc.a(lib_a-vfscanf.o)
                0x00112d34                __svfscanf
                0x00112d60                _vfscanf_r
                0x00112da4                vfscanf
                0x001117d4                __svfscanf_r
 .text          0x00112df8      0x13c c:/mcbuilder/resources/tools/arm-elf/bin/../lib/gcc/arm-elf/4.2.2/../../../../arm-elf/lib/interwork\libc.a(lib_a-wsetup.o)
                0x00112df8                __swsetup_r
 .text          0x00112f34     0x16fc c:/mcbuilder/resources/tools/arm-elf/bin/../lib/gcc/arm-elf/4.2.2/../../../../arm-elf/lib/interwork\libc.a(lib_a-dtoa.o)
                0x00113160                _dtoa_r
 .text          0x00114630      0x200 c:/mcbuilder/resources/tools/arm-elf/bin/../lib/gcc/arm-elf/4.2.2/../../../../arm-elf/lib/interwork\libc.a(lib_a-fflush.o)
                0x001147ec                fflush
                0x00114630                _fflush_r
 .text          0x00114830      0x2a0 c:/mcbuilder/resources/tools/arm-elf/bin/../lib/gcc/arm-elf/4.2.2/../../../../arm-elf/lib/interwork\libc.a(lib_a-findfp.o)
                0x0011489c                __sinit
                0x001149a0                __sfmoreglue
                0x00114990                _cleanup
                0x00114978                _cleanup_r
                0x00114954                __fp_lock_all
                0x0011488c                __sfp_lock_acquire
                0x001149f4                __sfp
                0x00114898                __sinit_lock_release
                0x00114930                __fp_unlock_all
                0x00114890                __sfp_lock_release
                0x00114894                __sinit_lock_acquire
 .text          0x00114ad0      0x214 c:/mcbuilder/resources/tools/arm-elf/bin/../lib/gcc/arm-elf/4.2.2/../../../../arm-elf/lib/interwork\libc.a(lib_a-fread.o)
                0x00114ca0                fread
                0x00114ad0                _fread_r
 .text          0x00114ce4      0x3b0 c:/mcbuilder/resources/tools/arm-elf/bin/../lib/gcc/arm-elf/4.2.2/../../../../arm-elf/lib/interwork\libc.a(lib_a-freer.o)
                0x00114de0                _free_r
                0x00114ce4                _malloc_trim_r
 .text          0x00115094      0x4b8 c:/mcbuilder/resources/tools/arm-elf/bin/../lib/gcc/arm-elf/4.2.2/../../../../arm-elf/lib/interwork\libc.a(lib_a-fvwrite.o)
                0x00115094                __sfvwrite_r
 .text          0x0011554c      0x114 c:/mcbuilder/resources/tools/arm-elf/bin/../lib/gcc/arm-elf/4.2.2/../../../../arm-elf/lib/interwork\libc.a(lib_a-fwalk.o)
                0x001155d8                _fwalk
                0x0011554c                _fwalk_reent
 .text          0x00115660        0x0 c:/mcbuilder/resources/tools/arm-elf/bin/../lib/gcc/arm-elf/4.2.2/../../../../arm-elf/lib/interwork\libc.a(lib_a-impure.o)
 .text          0x00115660       0x20 c:/mcbuilder/resources/tools/arm-elf/bin/../lib/gcc/arm-elf/4.2.2/../../../../arm-elf/lib/interwork\libc.a(lib_a-iswspace.o)
                0x00115660                iswspace
 .text          0x00115680       0xa8 c:/mcbuilder/resources/tools/arm-elf/bin/../lib/gcc/arm-elf/4.2.2/../../../../arm-elf/lib/interwork\libc.a(lib_a-locale.o)
                0x001156ac                _setlocale_r
                0x00115680                __locale_charset
                0x00115690                _localeconv_r
                0x0011570c                setlocale
                0x0011569c                localeconv
 .text          0x00115728      0x164 c:/mcbuilder/resources/tools/arm-elf/bin/../lib/gcc/arm-elf/4.2.2/../../../../arm-elf/lib/interwork\libc.a(lib_a-makebuf.o)
                0x00115728                __smakebuf_r
 .text          0x0011588c      0x79c c:/mcbuilder/resources/tools/arm-elf/bin/../lib/gcc/arm-elf/4.2.2/../../../../arm-elf/lib/interwork\libc.a(lib_a-mallocr.o)
                0x0011588c                _malloc_r
 .text          0x00116028       0xa0 c:/mcbuilder/resources/tools/arm-elf/bin/../lib/gcc/arm-elf/4.2.2/../../../../arm-elf/lib/interwork\libc.a(lib_a-mbrtowc.o)
                0x00116084                mbrtowc
                0x00116028                _mbrtowc_r
 .text          0x001160c8       0x50 c:/mcbuilder/resources/tools/arm-elf/bin/../lib/gcc/arm-elf/4.2.2/../../../../arm-elf/lib/interwork\libc.a(lib_a-mbtowc_r.o)
                0x001160c8                _mbtowc_r
 .text          0x00116118      0x110 c:/mcbuilder/resources/tools/arm-elf/bin/../lib/gcc/arm-elf/4.2.2/../../../../arm-elf/lib/interwork\libc.a(lib_a-memchr.o)
                0x00116118                memchr
 .text          0x00116228       0xf4 c:/mcbuilder/resources/tools/arm-elf/bin/../lib/gcc/arm-elf/4.2.2/../../../../arm-elf/lib/interwork\libc.a(lib_a-memmove.o)
                0x00116228                memmove
 .text          0x0011631c        0x8 c:/mcbuilder/resources/tools/arm-elf/bin/../lib/gcc/arm-elf/4.2.2/../../../../arm-elf/lib/interwork\libc.a(lib_a-mlock.o)
                0x00116320                __malloc_unlock
                0x0011631c                __malloc_lock
 .text          0x00116324      0xd38 c:/mcbuilder/resources/tools/arm-elf/bin/../lib/gcc/arm-elf/4.2.2/../../../../arm-elf/lib/interwork\libc.a(lib_a-mprec.o)
                0x00116630                _mprec_log10
                0x001166f8                __any_on
                0x00116798                _Balloc
                0x001165ac                __ratio
                0x00116d84                __i2b
                0x001164ec                __b2d
                0x00116f78                __s2b
                0x0011642c                __mcmp
                0x00116340                __hi0bits
                0x00116e80                __pow5mult
                0x00116aa0                __lshift
                0x00116bac                __multiply
                0x0011682c                __d2b
                0x0011669c                __copybits
                0x0011648c                __ulp
                0x0011695c                __mdiff
                0x00116398                __lo0bits
                0x00116da8                __multadd
                0x00116324                _Bfree
 .text          0x0011705c      0x5e4 c:/mcbuilder/resources/tools/arm-elf/bin/../lib/gcc/arm-elf/4.2.2/../../../../arm-elf/lib/interwork\libc.a(lib_a-reallocr.o)
                0x0011705c                _realloc_r
 .text          0x00117640      0x1c0 c:/mcbuilder/resources/tools/arm-elf/bin/../lib/gcc/arm-elf/4.2.2/../../../../arm-elf/lib/interwork\libc.a(lib_a-refill.o)
                0x00117640                __srefill_r
 .text          0x00117800       0x3c c:/mcbuilder/resources/tools/arm-elf/bin/../lib/gcc/arm-elf/4.2.2/../../../../arm-elf/lib/interwork\libc.a(lib_a-s_isinfd.o)
                0x00117800                __isinfd
 .text          0x0011783c       0x30 c:/mcbuilder/resources/tools/arm-elf/bin/../lib/gcc/arm-elf/4.2.2/../../../../arm-elf/lib/interwork\libc.a(lib_a-s_isnand.o)
                0x0011783c                __isnand
 .text          0x0011786c       0xcc c:/mcbuilder/resources/tools/arm-elf/bin/../lib/gcc/arm-elf/4.2.2/../../../../arm-elf/lib/interwork\libc.a(lib_a-sccl.o)
                0x0011786c                __sccl
 .text          0x00117938        0xc c:/mcbuilder/resources/tools/arm-elf/bin/../lib/gcc/arm-elf/4.2.2/../../../../arm-elf/lib/interwork\libc.a(lib_a-sf_nan.o)
                0x00117938                nanf
 .text          0x00117944       0xd8 c:/mcbuilder/resources/tools/arm-elf/bin/../lib/gcc/arm-elf/4.2.2/../../../../arm-elf/lib/interwork\libc.a(lib_a-stdio.o)
                0x00117958                __sseek
                0x001179e8                __sread
                0x00117944                __sclose
                0x00117990                __swrite
 .text          0x00117a1c     0x15e8 c:/mcbuilder/resources/tools/arm-elf/bin/../lib/gcc/arm-elf/4.2.2/../../../../arm-elf/lib/interwork\libc.a(lib_a-strtod.o)
                0x00117a64                _strtod_r
                0x00118fe8                strtod
                0x00118f94                strtof
 .text          0x00119004      0x1f8 c:/mcbuilder/resources/tools/arm-elf/bin/../lib/gcc/arm-elf/4.2.2/../../../../arm-elf/lib/interwork\libc.a(lib_a-strtoul.o)
                0x001191d0                strtoul
                0x00119004                _strtoul_r
 .text          0x001191fc      0x89c c:/mcbuilder/resources/tools/arm-elf/bin/../lib/gcc/arm-elf/4.2.2/../../../../arm-elf/lib/interwork\libc.a(lib_a-syscalls.o)
                0x00119284                _getpid
                0x001197d4                initialise_monitor_handles
                0x00119988                isatty
                0x001197a0                _fstat
                0x001193ec                _open
                0x00119298                _sbrk
                0x00119294                _raise
                0x001199c4                _times
                0x00119750                _stat
                0x0011968c                _lseek
                0x0011928c                _link
                0x001194ec                _swiwrite
                0x0011989c                _rename
                0x001195a4                _swilseek
                0x0011948c                _swiclose
                0x00119324                _swiopen
                0x00119a50                _unlink
                0x0011952c                _write
                0x00119228                _kill
                0x00119a04                _gettimeofday
                0x001196dc                _read
                0x0011927c                _exit
                0x001198f8                _system
                0x0011969c                _swiread
                0x001194dc                _close
 .text          0x00119a98      0x24c c:/mcbuilder/resources/tools/arm-elf/bin/../lib/gcc/arm-elf/4.2.2/../../../../arm-elf/lib/interwork\libc.a(lib_a-ungetc.o)
                0x00119cc8                ungetc
                0x00119a98                __submore
                0x00119b48                _ungetc_r
 .text          0x00119ce4       0xa0 c:/mcbuilder/resources/tools/arm-elf/bin/../lib/gcc/arm-elf/4.2.2/../../../../arm-elf/lib/interwork\libc.a(lib_a-callocr.o)
                0x00119ce4                _calloc_r
 .text          0x00119d84       0x10 c:/mcbuilder/resources/tools/arm-elf/bin/../lib/gcc/arm-elf/4.2.2/../../../../arm-elf/lib/interwork\libc.a(lib_a-errno.o)
                0x00119d84                __errno
 .text          0x00119d94      0x10c c:/mcbuilder/resources/tools/arm-elf/bin/../lib/gcc/arm-elf/4.2.2/../../../../arm-elf/lib/interwork\libc.a(lib_a-fclose.o)
                0x00119d94                _fclose_r
                0x00119e8c                fclose
 .text          0x00119ea0      0x840 c:/mcbuilder/resources/tools/arm-elf/bin/../lib/gcc/arm-elf/4.2.2/../../../../arm-elf/lib/interwork\libc.a(lib_a-gdtoa-gethex.o)
                0x00119ed4                __hexdig_init
                0x00119fd8                __gethex
 .text          0x0011a6e0      0x278 c:/mcbuilder/resources/tools/arm-elf/bin/../lib/gcc/arm-elf/4.2.2/../../../../arm-elf/lib/interwork\libc.a(lib_a-gdtoa-hexnan.o)
                0x0011a718                __hexnan
 .text          0x0011a958      0x430 c:/mcbuilder/resources/tools/arm-elf/bin/../lib/gcc/arm-elf/4.2.2/interwork\libgcc.a(_addsubdf3.o)
                0x0011ad1c                __floatdidf
                0x0011ac9c                __floatsidf
                0x0011ac74                __aeabi_ui2d
                0x0011a958                __aeabi_drsub
                0x0011acc8                __extendsfdf2
                0x0011a964                __adddf3
                0x0011ac74                __floatunsidf
                0x0011a964                __aeabi_dadd
                0x0011ad08                __aeabi_ul2d
                0x0011a960                __aeabi_dsub
                0x0011ad08                __floatundidf
                0x0011ac9c                __aeabi_i2d
                0x0011ad1c                __aeabi_l2d
                0x0011acc8                __aeabi_f2d
                0x0011a960                __subdf3
 .text          0x0011ad88      0x49c c:/mcbuilder/resources/tools/arm-elf/bin/../lib/gcc/arm-elf/4.2.2/interwork\libgcc.a(_muldivdf3.o)
                0x0011b018                __aeabi_ddiv
                0x0011ad88                __aeabi_dmul
                0x0011b018                __divdf3
                0x0011ad88                __muldf3
 .text          0x0011b224      0x140 c:/mcbuilder/resources/tools/arm-elf/bin/../lib/gcc/arm-elf/4.2.2/interwork\libgcc.a(_cmpdf2.o)
                0x0011b31c                __aeabi_dcmple
                0x0011b234                __cmpdf2
                0x0011b234                __eqdf2
                0x0011b224                __gtdf2
                0x0011b2d4                __aeabi_cdcmple
                0x0011b2b8                __aeabi_cdrcmple
                0x0011b22c                __ltdf2
                0x0011b304                __aeabi_dcmplt
                0x0011b22c                __ledf2
                0x0011b34c                __aeabi_dcmpgt
                0x0011b334                __aeabi_dcmpge
                0x0011b234                __nedf2
                0x0011b2ec                __aeabi_dcmpeq
                0x0011b2d4                __aeabi_cdcmpeq
                0x0011b224                __gedf2
 .text          0x0011b364       0x5c c:/mcbuilder/resources/tools/arm-elf/bin/../lib/gcc/arm-elf/4.2.2/interwork\libgcc.a(_fixdfsi.o)
                0x0011b364                __fixdfsi
                0x0011b364                __aeabi_d2iz
 .text          0x0011b3c0       0x54 c:/mcbuilder/resources/tools/arm-elf/bin/../lib/gcc/arm-elf/4.2.2/interwork\libgcc.a(_fixunsdfsi.o)
                0x0011b3c0                __fixunsdfsi
                0x0011b3c0                __aeabi_d2uiz
 .text          0x0011b414       0xa0 c:/mcbuilder/resources/tools/arm-elf/bin/../lib/gcc/arm-elf/4.2.2/interwork\libgcc.a(_truncdfsf2.o)
                0x0011b414                __aeabi_d2f
                0x0011b414                __truncdfsf2
 *(.rodata)
 .rodata        0x0011b4b4       0x38 C:\mcbuilder\cores\makecontroller\core\lwip\src\core\memp.o
 .rodata        0x0011b4ec       0x34 C:\mcbuilder\cores\makecontroller\core\lwip\src\core\tcp.o
                0x0011b519                tcp_persist_backoff
                0x0011b50c                tcp_backoff
 .rodata        0x0011b520       0x20 C:\mcbuilder\cores\makecontroller\core\lwip\src\core\tcp_in.o
 .rodata        0x0011b540        0x8 C:\mcbuilder\cores\makecontroller\core\lwip\src\core\ipv4\ip_addr.o
                0x0011b540                ip_addr_any
                0x0011b544                ip_addr_broadcast
 .rodata        0x0011b548        0xc C:\mcbuilder\cores\makecontroller\core\lwip\src\netif\etharp.o
                0x0011b548                ethbroadcast
                0x0011b54e                ethzero
 .rodata        0x0011b554      0x101 c:/mcbuilder/resources/tools/arm-elf/bin/../lib/gcc/arm-elf/4.2.2/../../../../arm-elf/lib/interwork\libc.a(lib_a-ctype_.o)
                0x0011b554                _ctype_
 .rodata        0x0011b655       0x20 c:/mcbuilder/resources/tools/arm-elf/bin/../lib/gcc/arm-elf/4.2.2/../../../../arm-elf/lib/interwork\libc.a(lib_a-vfprintf.o)
 *fill*         0x0011b675        0x1 00
 .rodata        0x0011b676       0x22 c:/mcbuilder/resources/tools/arm-elf/bin/../lib/gcc/arm-elf/4.2.2/../../../../arm-elf/lib/interwork\libc.a(lib_a-vfscanf.o)
 .rodata        0x0011b698        0x4 c:/mcbuilder/resources/tools/arm-elf/bin/../lib/gcc/arm-elf/4.2.2/../../../../arm-elf/lib/interwork\libc.a(lib_a-impure.o)
                0x0011b698                _global_impure_ptr
 .rodata        0x0011b69c       0x34 c:/mcbuilder/resources/tools/arm-elf/bin/../lib/gcc/arm-elf/4.2.2/../../../../arm-elf/lib/interwork\libc.a(lib_a-locale.o)
 .rodata        0x0011b6d0      0x124 c:/mcbuilder/resources/tools/arm-elf/bin/../lib/gcc/arm-elf/4.2.2/../../../../arm-elf/lib/interwork\libc.a(lib_a-mprec.o)
                0x0011b7c0                __mprec_tinytens
                0x0011b6d0                __mprec_tens
                0x0011b798                __mprec_bigtens
 .rodata        0x0011b7f4       0x28 c:/mcbuilder/resources/tools/arm-elf/bin/../lib/gcc/arm-elf/4.2.2/../../../../arm-elf/lib/interwork\libc.a(lib_a-strtod.o)
 *(.rodata*)
 .rodata.str1.4
                0x0011b81c      0x31c C:\mcbuilder\cores\makecontroller\libraries\webserver\webserver.o
                                0x320 (size before relaxing)
 .rodata.str1.4
                0x0011bb38       0x19 C:\mcbuilder\cores\makecontroller\core\freertos\tasks.o
                                 0x20 (size before relaxing)
 *fill*         0x0011bb51        0x3 00
 .rodata.str1.4
                0x0011bb54        0x5 C:\mcbuilder\cores\makecontroller\core\makingthings\main.o
                                  0x8 (size before relaxing)
 *fill*         0x0011bb59        0x3 00
 .rodata.str1.4
                0x0011bb5c       0x10 C:\mcbuilder\cores\makecontroller\core\makingthings\network.o
 .rodata.str1.4
                0x0011bb6c       0x14 C:\mcbuilder\cores\makecontroller\core\makingthings\system.o
 .rodata.str1.4
                0x0011bb80        0xf C:\mcbuilder\cores\makecontroller\core\lwip\src\core\dns.o
                                 0x10 (size before relaxing)
 *fill*         0x0011bb8f        0x1 00
 .rodata.str1.4
                0x0011bb90        0xd C:\mcbuilder\cores\makecontroller\core\lwip\src\api\tcpip.o
                                 0x10 (size before relaxing)
 *fill*         0x0011bb9d        0x3 00
 .rodata.str1.4
                0x0011bba0        0x5 C:\mcbuilder\cores\makecontroller\core\lwip\contrib\port\FreeRTOS\AT91SAM7X\sys_arch.o
                                  0x8 (size before relaxing)
 *fill*         0x0011bba5        0x3 00
 .rodata.str1.4
                0x0011bba8        0x8 C:\mcbuilder\cores\makecontroller\core\lwip\src\netif\ethernetif.o
 .rodata.str1.4
                0x0011bbb0      0x52a C:\Sync\Desktop\todo\AinToWeb_public\AinToWeb_public.o
                                0x52c (size before relaxing)
 *fill*         0x0011c0da        0x2 00
 .rodata.str1.4
                0x0011c0dc       0x5e c:/mcbuilder/resources/tools/arm-elf/bin/../lib/gcc/arm-elf/4.2.2/../../../../arm-elf/lib/interwork\libc.a(lib_a-vfprintf.o)
                                 0x60 (size before relaxing)
 *fill*         0x0011c13a        0x2 00
 .rodata.str1.4
                0x0011c13c        0x5 c:/mcbuilder/resources/tools/arm-elf/bin/../lib/gcc/arm-elf/4.2.2/../../../../arm-elf/lib/interwork\libc.a(lib_a-vfscanf.o)
                                  0x8 (size before relaxing)
 *fill*         0x0011c141        0x3 00
 .rodata.str1.4
                0x0011c144       0x10 c:/mcbuilder/resources/tools/arm-elf/bin/../lib/gcc/arm-elf/4.2.2/../../../../arm-elf/lib/interwork\libc.a(lib_a-dtoa.o)
                                 0x14 (size before relaxing)
 .rodata.str1.4
                0x0011c154        0x2 c:/mcbuilder/resources/tools/arm-elf/bin/../lib/gcc/arm-elf/4.2.2/../../../../arm-elf/lib/interwork\libc.a(lib_a-impure.o)
                                  0x4 (size before relaxing)
 *fill*         0x0011c156        0x2 00
 .rodata.str1.4
                0x0011c158        0xb c:/mcbuilder/resources/tools/arm-elf/bin/../lib/gcc/arm-elf/4.2.2/../../../../arm-elf/lib/interwork\libc.a(lib_a-locale.o)
                                 0x18 (size before relaxing)
 .rodata.str1.4
                0x00000000        0x4 c:/mcbuilder/resources/tools/arm-elf/bin/../lib/gcc/arm-elf/4.2.2/../../../../arm-elf/lib/interwork\libc.a(lib_a-mbrtowc.o)
 *fill*         0x0011c163        0x1 00
 .rodata.str1.4
                0x0011c164        0xf c:/mcbuilder/resources/tools/arm-elf/bin/../lib/gcc/arm-elf/4.2.2/../../../../arm-elf/lib/interwork\libc.a(lib_a-strtod.o)
                                 0x10 (size before relaxing)
 *fill*         0x0011c173        0x1 00
 .rodata.str1.4
                0x0011c174        0x4 c:/mcbuilder/resources/tools/arm-elf/bin/../lib/gcc/arm-elf/4.2.2/../../../../arm-elf/lib/interwork\libc.a(lib_a-syscalls.o)
 .rodata.str1.4
                0x0011c178       0x1c c:/mcbuilder/resources/tools/arm-elf/bin/../lib/gcc/arm-elf/4.2.2/../../../../arm-elf/lib/interwork\libc.a(lib_a-gdtoa-gethex.o)
 *(.glue_7)
 .glue_7        0x0011c194        0x0 C:\mcbuilder\cores\makecontroller\core\freertos\portable\GCC\ARM7_AT91SAM7S\portISR.o
 .glue_7        0x0011c194        0x0 C:\mcbuilder\cores\makecontroller\core\makingthings\SAM7_EMAC_ISR.o
 .glue_7        0x0011c194        0x0 C:\mcbuilder\cores\makecontroller\core\makingthings\USBIsr.o
 .glue_7        0x0011c194        0x0 C:\mcbuilder\cores\makecontroller\core\startup\Cstartup_SAM7.o
 .glue_7        0x0011c194        0x0 C:\mcbuilder\cores\makecontroller\core\makingthings\analogin_isr.o
 .glue_7        0x0011c194        0x0 C:\mcbuilder\cores\makecontroller\core\makingthings\fasttimer_isr.o
 .glue_7        0x0011c194        0x0 C:\mcbuilder\cores\makecontroller\core\makingthings\serial_isr.o
 .glue_7        0x0011c194        0x0 C:\mcbuilder\cores\makecontroller\core\makingthings\timer_isr.o
 .glue_7        0x0011c194        0x0 C:\mcbuilder\cores\makecontroller\libraries\appled\appled.o
 .glue_7        0x0011c194        0x0 C:\mcbuilder\cores\makecontroller\libraries\webserver\webserver.o
 .glue_7        0x0011c194        0x0 C:\mcbuilder\cores\makecontroller\core\freertos\tasks.o
 .glue_7        0x0011c194        0x0 C:\mcbuilder\cores\makecontroller\core\freertos\queue.o
 .glue_7        0x0011c194        0x0 C:\mcbuilder\cores\makecontroller\core\freertos\list.o
 .glue_7        0x0011c194        0x0 C:\mcbuilder\cores\makecontroller\core\freertos\portable\GCC\ARM7_AT91SAM7S\port.o
 .glue_7        0x0011c194        0x0 C:\mcbuilder\cores\makecontroller\core\startup\extras.o
 .glue_7        0x0011c194        0x0 C:\mcbuilder\cores\makecontroller\core\freertos\portable\MemMang\heap_2.o
 .glue_7        0x0011c194        0x0 C:\mcbuilder\cores\makecontroller\core\makingthings\main.o
 .glue_7        0x0011c194        0x0 C:\mcbuilder\cores\makecontroller\core\makingthings\eeprom.o
 .glue_7        0x0011c194        0x0 C:\mcbuilder\cores\makecontroller\core\makingthings\analogin.o
 .glue_7        0x0011c194        0x0 C:\mcbuilder\cores\makecontroller\core\makingthings\serial.o
 .glue_7        0x0011c194        0x0 C:\mcbuilder\cores\makecontroller\core\makingthings\pwm.o
 .glue_7        0x0011c194        0x0 C:\mcbuilder\cores\makecontroller\core\makingthings\spi.o
 .glue_7        0x0011c194        0x0 C:\mcbuilder\cores\makecontroller\core\makingthings\USB-CDC.o
 .glue_7        0x0011c194        0x0 C:\mcbuilder\cores\makecontroller\core\makingthings\rtos.o
 .glue_7        0x0011c194        0x0 C:\mcbuilder\cores\makecontroller\core\makingthings\usb.o
 .glue_7        0x0011c194        0x0 C:\mcbuilder\cores\makecontroller\core\makingthings\network.o
 .glue_7        0x0011c194        0x0 C:\mcbuilder\cores\makecontroller\core\makingthings\system.o
 .glue_7        0x0011c194        0x0 C:\mcbuilder\cores\makecontroller\core\makingthings\io.o
 .glue_7        0x0011c194        0x0 C:\mcbuilder\cores\makecontroller\core\makingthings\led.o
 .glue_7        0x0011c194        0x0 C:\mcbuilder\cores\makecontroller\core\makingthings\timer.o
 .glue_7        0x0011c194        0x0 C:\mcbuilder\cores\makecontroller\core\makingthings\fasttimer.o
 .glue_7        0x0011c194        0x0 C:\mcbuilder\cores\makecontroller\core\makingthings\debugosc.o
 .glue_7        0x0011c194        0x0 C:\mcbuilder\cores\makecontroller\core\lwip\src\core\tcp_out.o
 .glue_7        0x0011c194        0x0 C:\mcbuilder\cores\makecontroller\core\lwip\src\core\ipv4\inet.o
 .glue_7        0x0011c194        0x0 C:\mcbuilder\cores\makecontroller\core\lwip\src\core\mem.o
 .glue_7        0x0011c194        0x0 C:\mcbuilder\cores\makecontroller\core\lwip\src\core\memp.o
 .glue_7        0x0011c194        0x0 C:\mcbuilder\cores\makecontroller\core\lwip\src\core\netif.o
 .glue_7        0x0011c194        0x0 C:\mcbuilder\cores\makecontroller\core\lwip\src\core\pbuf.o
 .glue_7        0x0011c194        0x0 C:\mcbuilder\cores\makecontroller\core\lwip\src\core\raw.o
 .glue_7        0x0011c194        0x0 C:\mcbuilder\cores\makecontroller\core\lwip\src\core\stats.o
 .glue_7        0x0011c194        0x0 C:\mcbuilder\cores\makecontroller\core\lwip\src\core\sys.o
 .glue_7        0x0011c194        0x0 C:\mcbuilder\cores\makecontroller\core\lwip\src\core\tcp.o
 .glue_7        0x0011c194        0x0 C:\mcbuilder\cores\makecontroller\core\lwip\src\core\tcp_in.o
 .glue_7        0x0011c194        0x0 C:\mcbuilder\cores\makecontroller\core\lwip\src\core\init.o
 .glue_7        0x0011c194        0x0 C:\mcbuilder\cores\makecontroller\core\lwip\src\core\ipv4\ip.o
 .glue_7        0x0011c194        0x0 C:\mcbuilder\cores\makecontroller\core\lwip\src\core\ipv4\ip_addr.o
 .glue_7        0x0011c194        0x0 C:\mcbuilder\cores\makecontroller\core\lwip\src\core\ipv4\icmp.o
 .glue_7        0x0011c194        0x0 C:\mcbuilder\cores\makecontroller\core\lwip\src\core\ipv4\inet_chksum.o
 .glue_7        0x0011c194        0x0 C:\mcbuilder\cores\makecontroller\core\lwip\src\core\dhcp.o
 .glue_7        0x0011c194        0x0 C:\mcbuilder\cores\makecontroller\core\lwip\src\core\dns.o
 .glue_7        0x0011c194        0x0 C:\mcbuilder\cores\makecontroller\core\lwip\src\api\tcpip.o
 .glue_7        0x0011c194        0x0 C:\mcbuilder\cores\makecontroller\core\lwip\src\api\api_msg.o
 .glue_7        0x0011c194        0x0 C:\mcbuilder\cores\makecontroller\core\lwip\src\api\err.o
 .glue_7        0x0011c194        0x0 C:\mcbuilder\cores\makecontroller\core\lwip\src\api\netbuf.o
 .glue_7        0x0011c194        0x0 C:\mcbuilder\cores\makecontroller\core\lwip\src\api\api_lib.o
 .glue_7        0x0011c194        0x0 C:\mcbuilder\cores\makecontroller\core\lwip\src\netif\etharp.o
 .glue_7        0x0011c194        0x0 C:\mcbuilder\cores\makecontroller\core\lwip\contrib\port\FreeRTOS\AT91SAM7X\sys_arch.o
 .glue_7        0x0011c194        0x0 C:\mcbuilder\cores\makecontroller\core\lwip\src\netif\ethernetif.o
 .glue_7        0x0011c194        0x0 C:\mcbuilder\cores\makecontroller\core\makingthings\SAM7_EMAC.o
 .glue_7        0x0011c194        0x0 C:\mcbuilder\cores\makecontroller\core\lwip\src\core\udp.o
 .glue_7        0x0011c194        0x0 C:\mcbuilder\cores\makecontroller\core\lwip\src\core\ipv4\ip_frag.o
 .glue_7        0x0011c194        0x0 C:\mcbuilder\cores\makecontroller\core\makingthings\osc.o
 .glue_7        0x0011c194        0x0 C:\mcbuilder\cores\makecontroller\core\makingthings\osc_patternmatch.o
 .glue_7        0x0011c194        0x0 C:\Sync\Desktop\todo\AinToWeb_public\AinToWeb_public.o
 .glue_7        0x0011c194        0x0 C:\Users\bjepson\AppData\Local\Temp/ccXGDjSg.o
 .glue_7        0x0011c194        0x0 c:/mcbuilder/resources/tools/arm-elf/bin/../lib/gcc/arm-elf/4.2.2/interwork\libgcc.a(_udivsi3.o)
 .glue_7        0x0011c194        0x0 c:/mcbuilder/resources/tools/arm-elf/bin/../lib/gcc/arm-elf/4.2.2/interwork\libgcc.a(_divsi3.o)
 .glue_7        0x0011c194        0x0 c:/mcbuilder/resources/tools/arm-elf/bin/../lib/gcc/arm-elf/4.2.2/interwork\libgcc.a(_umodsi3.o)
 .glue_7        0x0011c194        0x0 c:/mcbuilder/resources/tools/arm-elf/bin/../lib/gcc/arm-elf/4.2.2/interwork\libgcc.a(_modsi3.o)
 .glue_7        0x0011c194        0x0 c:/mcbuilder/resources/tools/arm-elf/bin/../lib/gcc/arm-elf/4.2.2/interwork\libgcc.a(_dvmd_tls.o)
 .glue_7        0x0011c194        0x0 c:/mcbuilder/resources/tools/arm-elf/bin/../lib/gcc/arm-elf/4.2.2/../../../../arm-elf/lib/interwork\libc.a(lib_a-atoi.o)
 .glue_7        0x0011c194        0x0 c:/mcbuilder/resources/tools/arm-elf/bin/../lib/gcc/arm-elf/4.2.2/../../../../arm-elf/lib/interwork\libc.a(lib_a-ctype_.o)
 .glue_7        0x0011c194        0x0 c:/mcbuilder/resources/tools/arm-elf/bin/../lib/gcc/arm-elf/4.2.2/../../../../arm-elf/lib/interwork\libc.a(lib_a-memcpy.o)
 .glue_7        0x0011c194        0x0 c:/mcbuilder/resources/tools/arm-elf/bin/../lib/gcc/arm-elf/4.2.2/../../../../arm-elf/lib/interwork\libc.a(lib_a-memset.o)
 .glue_7        0x0011c194        0x0 c:/mcbuilder/resources/tools/arm-elf/bin/../lib/gcc/arm-elf/4.2.2/../../../../arm-elf/lib/interwork\libc.a(lib_a-snprintf.o)
 .glue_7        0x0011c194        0x0 c:/mcbuilder/resources/tools/arm-elf/bin/../lib/gcc/arm-elf/4.2.2/../../../../arm-elf/lib/interwork\libc.a(lib_a-sprintf.o)
 .glue_7        0x0011c194        0x0 c:/mcbuilder/resources/tools/arm-elf/bin/../lib/gcc/arm-elf/4.2.2/../../../../arm-elf/lib/interwork\libc.a(lib_a-sscanf.o)
 .glue_7        0x0011c194        0x0 c:/mcbuilder/resources/tools/arm-elf/bin/../lib/gcc/arm-elf/4.2.2/../../../../arm-elf/lib/interwork\libc.a(lib_a-strcat.o)
 .glue_7        0x0011c194        0x0 c:/mcbuilder/resources/tools/arm-elf/bin/../lib/gcc/arm-elf/4.2.2/../../../../arm-elf/lib/interwork\libc.a(lib_a-strchr.o)
 .glue_7        0x0011c194        0x0 c:/mcbuilder/resources/tools/arm-elf/bin/../lib/gcc/arm-elf/4.2.2/../../../../arm-elf/lib/interwork\libc.a(lib_a-strcmp.o)
 .glue_7        0x0011c194        0x0 c:/mcbuilder/resources/tools/arm-elf/bin/../lib/gcc/arm-elf/4.2.2/../../../../arm-elf/lib/interwork\libc.a(lib_a-strcpy.o)
 .glue_7        0x0011c194        0x0 c:/mcbuilder/resources/tools/arm-elf/bin/../lib/gcc/arm-elf/4.2.2/../../../../arm-elf/lib/interwork\libc.a(lib_a-strlen.o)
 .glue_7        0x0011c194        0x0 c:/mcbuilder/resources/tools/arm-elf/bin/../lib/gcc/arm-elf/4.2.2/../../../../arm-elf/lib/interwork\libc.a(lib_a-strncmp.o)
 .glue_7        0x0011c194        0x0 c:/mcbuilder/resources/tools/arm-elf/bin/../lib/gcc/arm-elf/4.2.2/../../../../arm-elf/lib/interwork\libc.a(lib_a-strncpy.o)
 .glue_7        0x0011c194        0x0 c:/mcbuilder/resources/tools/arm-elf/bin/../lib/gcc/arm-elf/4.2.2/../../../../arm-elf/lib/interwork\libc.a(lib_a-strtol.o)
 .glue_7        0x0011c194        0x0 c:/mcbuilder/resources/tools/arm-elf/bin/../lib/gcc/arm-elf/4.2.2/../../../../arm-elf/lib/interwork\libc.a(lib_a-vfprintf.o)
 .glue_7        0x0011c194        0x0 c:/mcbuilder/resources/tools/arm-elf/bin/../lib/gcc/arm-elf/4.2.2/../../../../arm-elf/lib/interwork\libc.a(lib_a-vfscanf.o)
 .glue_7        0x0011c194        0x0 c:/mcbuilder/resources/tools/arm-elf/bin/../lib/gcc/arm-elf/4.2.2/../../../../arm-elf/lib/interwork\libc.a(lib_a-wsetup.o)
 .glue_7        0x0011c194        0x0 c:/mcbuilder/resources/tools/arm-elf/bin/../lib/gcc/arm-elf/4.2.2/../../../../arm-elf/lib/interwork\libc.a(lib_a-dtoa.o)
 .glue_7        0x0011c194        0x0 c:/mcbuilder/resources/tools/arm-elf/bin/../lib/gcc/arm-elf/4.2.2/../../../../arm-elf/lib/interwork\libc.a(lib_a-fflush.o)
 .glue_7        0x0011c194        0x0 c:/mcbuilder/resources/tools/arm-elf/bin/../lib/gcc/arm-elf/4.2.2/../../../../arm-elf/lib/interwork\libc.a(lib_a-findfp.o)
 .glue_7        0x0011c194        0x0 c:/mcbuilder/resources/tools/arm-elf/bin/../lib/gcc/arm-elf/4.2.2/../../../../arm-elf/lib/interwork\libc.a(lib_a-fread.o)
 .glue_7        0x0011c194        0x0 c:/mcbuilder/resources/tools/arm-elf/bin/../lib/gcc/arm-elf/4.2.2/../../../../arm-elf/lib/interwork\libc.a(lib_a-freer.o)
 .glue_7        0x0011c194        0x0 c:/mcbuilder/resources/tools/arm-elf/bin/../lib/gcc/arm-elf/4.2.2/../../../../arm-elf/lib/interwork\libc.a(lib_a-fvwrite.o)
 .glue_7        0x0011c194        0x0 c:/mcbuilder/resources/tools/arm-elf/bin/../lib/gcc/arm-elf/4.2.2/../../../../arm-elf/lib/interwork\libc.a(lib_a-fwalk.o)
 .glue_7        0x0011c194        0x0 c:/mcbuilder/resources/tools/arm-elf/bin/../lib/gcc/arm-elf/4.2.2/../../../../arm-elf/lib/interwork\libc.a(lib_a-impure.o)
 .glue_7        0x0011c194        0x0 c:/mcbuilder/resources/tools/arm-elf/bin/../lib/gcc/arm-elf/4.2.2/../../../../arm-elf/lib/interwork\libc.a(lib_a-iswspace.o)
 .glue_7        0x0011c194        0x0 c:/mcbuilder/resources/tools/arm-elf/bin/../lib/gcc/arm-elf/4.2.2/../../../../arm-elf/lib/interwork\libc.a(lib_a-locale.o)
 .glue_7        0x0011c194        0x0 c:/mcbuilder/resources/tools/arm-elf/bin/../lib/gcc/arm-elf/4.2.2/../../../../arm-elf/lib/interwork\libc.a(lib_a-makebuf.o)
 .glue_7        0x0011c194        0x0 c:/mcbuilder/resources/tools/arm-elf/bin/../lib/gcc/arm-elf/4.2.2/../../../../arm-elf/lib/interwork\libc.a(lib_a-mallocr.o)
 .glue_7        0x0011c194        0x0 c:/mcbuilder/resources/tools/arm-elf/bin/../lib/gcc/arm-elf/4.2.2/../../../../arm-elf/lib/interwork\libc.a(lib_a-mbrtowc.o)
 .glue_7        0x0011c194        0x0 c:/mcbuilder/resources/tools/arm-elf/bin/../lib/gcc/arm-elf/4.2.2/../../../../arm-elf/lib/interwork\libc.a(lib_a-mbtowc_r.o)
 .glue_7        0x0011c194        0x0 c:/mcbuilder/resources/tools/arm-elf/bin/../lib/gcc/arm-elf/4.2.2/../../../../arm-elf/lib/interwork\libc.a(lib_a-memchr.o)
 .glue_7        0x0011c194        0x0 c:/mcbuilder/resources/tools/arm-elf/bin/../lib/gcc/arm-elf/4.2.2/../../../../arm-elf/lib/interwork\libc.a(lib_a-memmove.o)
 .glue_7        0x0011c194        0x0 c:/mcbuilder/resources/tools/arm-elf/bin/../lib/gcc/arm-elf/4.2.2/../../../../arm-elf/lib/interwork\libc.a(lib_a-mlock.o)
 .glue_7        0x0011c194        0x0 c:/mcbuilder/resources/tools/arm-elf/bin/../lib/gcc/arm-elf/4.2.2/../../../../arm-elf/lib/interwork\libc.a(lib_a-mprec.o)
 .glue_7        0x0011c194        0x0 c:/mcbuilder/resources/tools/arm-elf/bin/../lib/gcc/arm-elf/4.2.2/../../../../arm-elf/lib/interwork\libc.a(lib_a-reallocr.o)
 .glue_7        0x0011c194        0x0 c:/mcbuilder/resources/tools/arm-elf/bin/../lib/gcc/arm-elf/4.2.2/../../../../arm-elf/lib/interwork\libc.a(lib_a-refill.o)
 .glue_7        0x0011c194        0x0 c:/mcbuilder/resources/tools/arm-elf/bin/../lib/gcc/arm-elf/4.2.2/../../../../arm-elf/lib/interwork\libc.a(lib_a-s_isinfd.o)
 .glue_7        0x0011c194        0x0 c:/mcbuilder/resources/tools/arm-elf/bin/../lib/gcc/arm-elf/4.2.2/../../../../arm-elf/lib/interwork\libc.a(lib_a-s_isnand.o)
 .glue_7        0x0011c194        0x0 c:/mcbuilder/resources/tools/arm-elf/bin/../lib/gcc/arm-elf/4.2.2/../../../../arm-elf/lib/interwork\libc.a(lib_a-sccl.o)
 .glue_7        0x0011c194        0x0 c:/mcbuilder/resources/tools/arm-elf/bin/../lib/gcc/arm-elf/4.2.2/../../../../arm-elf/lib/interwork\libc.a(lib_a-sf_nan.o)
 .glue_7        0x0011c194        0x0 c:/mcbuilder/resources/tools/arm-elf/bin/../lib/gcc/arm-elf/4.2.2/../../../../arm-elf/lib/interwork\libc.a(lib_a-stdio.o)
 .glue_7        0x0011c194        0x0 c:/mcbuilder/resources/tools/arm-elf/bin/../lib/gcc/arm-elf/4.2.2/../../../../arm-elf/lib/interwork\libc.a(lib_a-strtod.o)
 .glue_7        0x0011c194        0x0 c:/mcbuilder/resources/tools/arm-elf/bin/../lib/gcc/arm-elf/4.2.2/../../../../arm-elf/lib/interwork\libc.a(lib_a-strtoul.o)
 .glue_7        0x0011c194        0x0 c:/mcbuilder/resources/tools/arm-elf/bin/../lib/gcc/arm-elf/4.2.2/../../../../arm-elf/lib/interwork\libc.a(lib_a-syscalls.o)
 .glue_7        0x0011c194        0x0 c:/mcbuilder/resources/tools/arm-elf/bin/../lib/gcc/arm-elf/4.2.2/../../../../arm-elf/lib/interwork\libc.a(lib_a-ungetc.o)
 .glue_7        0x0011c194        0x0 c:/mcbuilder/resources/tools/arm-elf/bin/../lib/gcc/arm-elf/4.2.2/../../../../arm-elf/lib/interwork\libc.a(lib_a-callocr.o)
 .glue_7        0x0011c194        0x0 c:/mcbuilder/resources/tools/arm-elf/bin/../lib/gcc/arm-elf/4.2.2/../../../../arm-elf/lib/interwork\libc.a(lib_a-errno.o)
 .glue_7        0x0011c194        0x0 c:/mcbuilder/resources/tools/arm-elf/bin/../lib/gcc/arm-elf/4.2.2/../../../../arm-elf/lib/interwork\libc.a(lib_a-fclose.o)
 .glue_7        0x0011c194        0x0 c:/mcbuilder/resources/tools/arm-elf/bin/../lib/gcc/arm-elf/4.2.2/../../../../arm-elf/lib/interwork\libc.a(lib_a-gdtoa-gethex.o)
 .glue_7        0x0011c194        0x0 c:/mcbuilder/resources/tools/arm-elf/bin/../lib/gcc/arm-elf/4.2.2/../../../../arm-elf/lib/interwork\libc.a(lib_a-gdtoa-hexnan.o)
 .glue_7        0x0011c194        0x0 c:/mcbuilder/resources/tools/arm-elf/bin/../lib/gcc/arm-elf/4.2.2/interwork\libgcc.a(_addsubdf3.o)
 .glue_7        0x0011c194        0x0 c:/mcbuilder/resources/tools/arm-elf/bin/../lib/gcc/arm-elf/4.2.2/interwork\libgcc.a(_muldivdf3.o)
 .glue_7        0x0011c194        0x0 c:/mcbuilder/resources/tools/arm-elf/bin/../lib/gcc/arm-elf/4.2.2/interwork\libgcc.a(_cmpdf2.o)
 .glue_7        0x0011c194        0x0 c:/mcbuilder/resources/tools/arm-elf/bin/../lib/gcc/arm-elf/4.2.2/interwork\libgcc.a(_fixdfsi.o)
 .glue_7        0x0011c194        0x0 c:/mcbuilder/resources/tools/arm-elf/bin/../lib/gcc/arm-elf/4.2.2/interwork\libgcc.a(_fixunsdfsi.o)
 .glue_7        0x0011c194       0x84 c:/mcbuilder/resources/tools/arm-elf/bin/../lib/gcc/arm-elf/4.2.2/interwork\libgcc.a(_truncdfsf2.o)
                0x0011c20c                ___read_r_from_arm
                0x0011c200                ___write_r_from_arm
                0x0011c1ac                __xQueueGenericSendFromISR_from_arm
                0x0011c1b8                __vClearEMACTxBuffer_from_arm
                0x0011c1e8                ___close_r_from_arm
                0x0011c1dc                ___fstat_r_from_arm
                0x0011c1d0                ___sbrk_r_from_arm
                0x0011c194                __vTaskIncrementTick_from_arm
                0x0011c1c4                __xQueueReceiveFromISR_from_arm
                0x0011c1f4                ___lseek_r_from_arm
                0x0011c1a0                __vTaskSwitchContext_from_arm
 *(.glue_7t)
 .glue_7t       0x0011c218        0x0 C:\mcbuilder\cores\makecontroller\core\freertos\portable\GCC\ARM7_AT91SAM7S\portISR.o
 .glue_7t       0x0011c218        0x0 C:\mcbuilder\cores\makecontroller\core\makingthings\SAM7_EMAC_ISR.o
 .glue_7t       0x0011c218        0x0 C:\mcbuilder\cores\makecontroller\core\makingthings\USBIsr.o
 .glue_7t       0x0011c218        0x0 C:\mcbuilder\cores\makecontroller\core\startup\Cstartup_SAM7.o
 .glue_7t       0x0011c218        0x0 C:\mcbuilder\cores\makecontroller\core\makingthings\analogin_isr.o
 .glue_7t       0x0011c218        0x0 C:\mcbuilder\cores\makecontroller\core\makingthings\fasttimer_isr.o
 .glue_7t       0x0011c218        0x0 C:\mcbuilder\cores\makecontroller\core\makingthings\serial_isr.o
 .glue_7t       0x0011c218        0x0 C:\mcbuilder\cores\makecontroller\core\makingthings\timer_isr.o
 .glue_7t       0x0011c218        0x0 C:\mcbuilder\cores\makecontroller\libraries\appled\appled.o
 .glue_7t       0x0011c218        0x0 C:\mcbuilder\cores\makecontroller\libraries\webserver\webserver.o
 .glue_7t       0x0011c218        0x0 C:\mcbuilder\cores\makecontroller\core\freertos\tasks.o
 .glue_7t       0x0011c218        0x0 C:\mcbuilder\cores\makecontroller\core\freertos\queue.o
 .glue_7t       0x0011c218        0x0 C:\mcbuilder\cores\makecontroller\core\freertos\list.o
 .glue_7t       0x0011c218        0x0 C:\mcbuilder\cores\makecontroller\core\freertos\portable\GCC\ARM7_AT91SAM7S\port.o
 .glue_7t       0x0011c218        0x0 C:\mcbuilder\cores\makecontroller\core\startup\extras.o
 .glue_7t       0x0011c218        0x0 C:\mcbuilder\cores\makecontroller\core\freertos\portable\MemMang\heap_2.o
 .glue_7t       0x0011c218        0x0 C:\mcbuilder\cores\makecontroller\core\makingthings\main.o
 .glue_7t       0x0011c218        0x0 C:\mcbuilder\cores\makecontroller\core\makingthings\eeprom.o
 .glue_7t       0x0011c218        0x0 C:\mcbuilder\cores\makecontroller\core\makingthings\analogin.o
 .glue_7t       0x0011c218        0x0 C:\mcbuilder\cores\makecontroller\core\makingthings\serial.o
 .glue_7t       0x0011c218        0x0 C:\mcbuilder\cores\makecontroller\core\makingthings\pwm.o
 .glue_7t       0x0011c218        0x0 C:\mcbuilder\cores\makecontroller\core\makingthings\spi.o
 .glue_7t       0x0011c218        0x0 C:\mcbuilder\cores\makecontroller\core\makingthings\USB-CDC.o
 .glue_7t       0x0011c218        0x0 C:\mcbuilder\cores\makecontroller\core\makingthings\rtos.o
 .glue_7t       0x0011c218        0x0 C:\mcbuilder\cores\makecontroller\core\makingthings\usb.o
 .glue_7t       0x0011c218        0x0 C:\mcbuilder\cores\makecontroller\core\makingthings\network.o
 .glue_7t       0x0011c218        0x0 C:\mcbuilder\cores\makecontroller\core\makingthings\system.o
 .glue_7t       0x0011c218        0x0 C:\mcbuilder\cores\makecontroller\core\makingthings\io.o
 .glue_7t       0x0011c218        0x0 C:\mcbuilder\cores\makecontroller\core\makingthings\led.o
 .glue_7t       0x0011c218        0x0 C:\mcbuilder\cores\makecontroller\core\makingthings\timer.o
 .glue_7t       0x0011c218        0x0 C:\mcbuilder\cores\makecontroller\core\makingthings\fasttimer.o
 .glue_7t       0x0011c218        0x0 C:\mcbuilder\cores\makecontroller\core\makingthings\debugosc.o
 .glue_7t       0x0011c218        0x0 C:\mcbuilder\cores\makecontroller\core\lwip\src\core\tcp_out.o
 .glue_7t       0x0011c218        0x0 C:\mcbuilder\cores\makecontroller\core\lwip\src\core\ipv4\inet.o
 .glue_7t       0x0011c218        0x0 C:\mcbuilder\cores\makecontroller\core\lwip\src\core\mem.o
 .glue_7t       0x0011c218        0x0 C:\mcbuilder\cores\makecontroller\core\lwip\src\core\memp.o
 .glue_7t       0x0011c218        0x0 C:\mcbuilder\cores\makecontroller\core\lwip\src\core\netif.o
 .glue_7t       0x0011c218        0x0 C:\mcbuilder\cores\makecontroller\core\lwip\src\core\pbuf.o
 .glue_7t       0x0011c218        0x0 C:\mcbuilder\cores\makecontroller\core\lwip\src\core\raw.o
 .glue_7t       0x0011c218        0x0 C:\mcbuilder\cores\makecontroller\core\lwip\src\core\stats.o
 .glue_7t       0x0011c218        0x0 C:\mcbuilder\cores\makecontroller\core\lwip\src\core\sys.o
 .glue_7t       0x0011c218        0x0 C:\mcbuilder\cores\makecontroller\core\lwip\src\core\tcp.o
 .glue_7t       0x0011c218        0x0 C:\mcbuilder\cores\makecontroller\core\lwip\src\core\tcp_in.o
 .glue_7t       0x0011c218        0x0 C:\mcbuilder\cores\makecontroller\core\lwip\src\core\init.o
 .glue_7t       0x0011c218        0x0 C:\mcbuilder\cores\makecontroller\core\lwip\src\core\ipv4\ip.o
 .glue_7t       0x0011c218        0x0 C:\mcbuilder\cores\makecontroller\core\lwip\src\core\ipv4\ip_addr.o
 .glue_7t       0x0011c218        0x0 C:\mcbuilder\cores\makecontroller\core\lwip\src\core\ipv4\icmp.o
 .glue_7t       0x0011c218        0x0 C:\mcbuilder\cores\makecontroller\core\lwip\src\core\ipv4\inet_chksum.o
 .glue_7t       0x0011c218        0x0 C:\mcbuilder\cores\makecontroller\core\lwip\src\core\dhcp.o
 .glue_7t       0x0011c218        0x0 C:\mcbuilder\cores\makecontroller\core\lwip\src\core\dns.o
 .glue_7t       0x0011c218        0x0 C:\mcbuilder\cores\makecontroller\core\lwip\src\api\tcpip.o
 .glue_7t       0x0011c218        0x0 C:\mcbuilder\cores\makecontroller\core\lwip\src\api\api_msg.o
 .glue_7t       0x0011c218        0x0 C:\mcbuilder\cores\makecontroller\core\lwip\src\api\err.o
 .glue_7t       0x0011c218        0x0 C:\mcbuilder\cores\makecontroller\core\lwip\src\api\netbuf.o
 .glue_7t       0x0011c218        0x0 C:\mcbuilder\cores\makecontroller\core\lwip\src\api\api_lib.o
 .glue_7t       0x0011c218        0x0 C:\mcbuilder\cores\makecontroller\core\lwip\src\netif\etharp.o
 .glue_7t       0x0011c218        0x0 C:\mcbuilder\cores\makecontroller\core\lwip\contrib\port\FreeRTOS\AT91SAM7X\sys_arch.o
 .glue_7t       0x0011c218        0x0 C:\mcbuilder\cores\makecontroller\core\lwip\src\netif\ethernetif.o
 .glue_7t       0x0011c218        0x0 C:\mcbuilder\cores\makecontroller\core\makingthings\SAM7_EMAC.o
 .glue_7t       0x0011c218        0x0 C:\mcbuilder\cores\makecontroller\core\lwip\src\core\udp.o
 .glue_7t       0x0011c218        0x0 C:\mcbuilder\cores\makecontroller\core\lwip\src\core\ipv4\ip_frag.o
 .glue_7t       0x0011c218        0x0 C:\mcbuilder\cores\makecontroller\core\makingthings\osc.o
 .glue_7t       0x0011c218        0x0 C:\mcbuilder\cores\makecontroller\core\makingthings\osc_patternmatch.o
 .glue_7t       0x0011c218        0x0 C:\Sync\Desktop\todo\AinToWeb_public\AinToWeb_public.o
 .glue_7t       0x0011c218        0x0 C:\Users\bjepson\AppData\Local\Temp/ccXGDjSg.o
 .glue_7t       0x0011c218        0x0 c:/mcbuilder/resources/tools/arm-elf/bin/../lib/gcc/arm-elf/4.2.2/interwork\libgcc.a(_udivsi3.o)
 .glue_7t       0x0011c218        0x0 c:/mcbuilder/resources/tools/arm-elf/bin/../lib/gcc/arm-elf/4.2.2/interwork\libgcc.a(_divsi3.o)
 .glue_7t       0x0011c218        0x0 c:/mcbuilder/resources/tools/arm-elf/bin/../lib/gcc/arm-elf/4.2.2/interwork\libgcc.a(_umodsi3.o)
 .glue_7t       0x0011c218        0x0 c:/mcbuilder/resources/tools/arm-elf/bin/../lib/gcc/arm-elf/4.2.2/interwork\libgcc.a(_modsi3.o)
 .glue_7t       0x0011c218        0x0 c:/mcbuilder/resources/tools/arm-elf/bin/../lib/gcc/arm-elf/4.2.2/interwork\libgcc.a(_dvmd_tls.o)
 .glue_7t       0x0011c218        0x0 c:/mcbuilder/resources/tools/arm-elf/bin/../lib/gcc/arm-elf/4.2.2/../../../../arm-elf/lib/interwork\libc.a(lib_a-atoi.o)
 .glue_7t       0x0011c218        0x0 c:/mcbuilder/resources/tools/arm-elf/bin/../lib/gcc/arm-elf/4.2.2/../../../../arm-elf/lib/interwork\libc.a(lib_a-ctype_.o)
 .glue_7t       0x0011c218        0x0 c:/mcbuilder/resources/tools/arm-elf/bin/../lib/gcc/arm-elf/4.2.2/../../../../arm-elf/lib/interwork\libc.a(lib_a-memcpy.o)
 .glue_7t       0x0011c218        0x0 c:/mcbuilder/resources/tools/arm-elf/bin/../lib/gcc/arm-elf/4.2.2/../../../../arm-elf/lib/interwork\libc.a(lib_a-memset.o)
 .glue_7t       0x0011c218        0x0 c:/mcbuilder/resources/tools/arm-elf/bin/../lib/gcc/arm-elf/4.2.2/../../../../arm-elf/lib/interwork\libc.a(lib_a-snprintf.o)
 .glue_7t       0x0011c218        0x0 c:/mcbuilder/resources/tools/arm-elf/bin/../lib/gcc/arm-elf/4.2.2/../../../../arm-elf/lib/interwork\libc.a(lib_a-sprintf.o)
 .glue_7t       0x0011c218        0x0 c:/mcbuilder/resources/tools/arm-elf/bin/../lib/gcc/arm-elf/4.2.2/../../../../arm-elf/lib/interwork\libc.a(lib_a-sscanf.o)
 .glue_7t       0x0011c218        0x0 c:/mcbuilder/resources/tools/arm-elf/bin/../lib/gcc/arm-elf/4.2.2/../../../../arm-elf/lib/interwork\libc.a(lib_a-strcat.o)
 .glue_7t       0x0011c218        0x0 c:/mcbuilder/resources/tools/arm-elf/bin/../lib/gcc/arm-elf/4.2.2/../../../../arm-elf/lib/interwork\libc.a(lib_a-strchr.o)
 .glue_7t       0x0011c218        0x0 c:/mcbuilder/resources/tools/arm-elf/bin/../lib/gcc/arm-elf/4.2.2/../../../../arm-elf/lib/interwork\libc.a(lib_a-strcmp.o)
 .glue_7t       0x0011c218        0x0 c:/mcbuilder/resources/tools/arm-elf/bin/../lib/gcc/arm-elf/4.2.2/../../../../arm-elf/lib/interwork\libc.a(lib_a-strcpy.o)
 .glue_7t       0x0011c218        0x0 c:/mcbuilder/resources/tools/arm-elf/bin/../lib/gcc/arm-elf/4.2.2/../../../../arm-elf/lib/interwork\libc.a(lib_a-strlen.o)
 .glue_7t       0x0011c218        0x0 c:/mcbuilder/resources/tools/arm-elf/bin/../lib/gcc/arm-elf/4.2.2/../../../../arm-elf/lib/interwork\libc.a(lib_a-strncmp.o)
 .glue_7t       0x0011c218        0x0 c:/mcbuilder/resources/tools/arm-elf/bin/../lib/gcc/arm-elf/4.2.2/../../../../arm-elf/lib/interwork\libc.a(lib_a-strncpy.o)
 .glue_7t       0x0011c218        0x0 c:/mcbuilder/resources/tools/arm-elf/bin/../lib/gcc/arm-elf/4.2.2/../../../../arm-elf/lib/interwork\libc.a(lib_a-strtol.o)
 .glue_7t       0x0011c218        0x0 c:/mcbuilder/resources/tools/arm-elf/bin/../lib/gcc/arm-elf/4.2.2/../../../../arm-elf/lib/interwork\libc.a(lib_a-vfprintf.o)
 .glue_7t       0x0011c218        0x0 c:/mcbuilder/resources/tools/arm-elf/bin/../lib/gcc/arm-elf/4.2.2/../../../../arm-elf/lib/interwork\libc.a(lib_a-vfscanf.o)
 .glue_7t       0x0011c218        0x0 c:/mcbuilder/resources/tools/arm-elf/bin/../lib/gcc/arm-elf/4.2.2/../../../../arm-elf/lib/interwork\libc.a(lib_a-wsetup.o)
 .glue_7t       0x0011c218        0x0 c:/mcbuilder/resources/tools/arm-elf/bin/../lib/gcc/arm-elf/4.2.2/../../../../arm-elf/lib/interwork\libc.a(lib_a-dtoa.o)
 .glue_7t       0x0011c218        0x0 c:/mcbuilder/resources/tools/arm-elf/bin/../lib/gcc/arm-elf/4.2.2/../../../../arm-elf/lib/interwork\libc.a(lib_a-fflush.o)